 IPMSG

 Timestamp is 4fc5fc2e (Wed May 30 18:53:34 2012)

 Preferred load address is 00400000

 Start         Length     Name                   Class
 0001:00000000 0004228aH .textbss                DATA
 0002:00000000 000884a1H .text                   CODE
 0002:000884b0 00001cebH .text$x                 CODE
 0002:0008a1a0 00001015H .text$yd                CODE
 0003:00000000 00000104H .CRT$XCA                DATA
 0003:00000104 00000104H .CRT$XCZ                DATA
 0003:00000208 00000104H .CRT$XIA                DATA
 0003:0000030c 00000113H .CRT$XIC                DATA
 0003:00000420 00000104H .CRT$XIY                DATA
 0003:00000524 00000104H .CRT$XIZ                DATA
 0003:00000628 00000104H .CRT$XPA                DATA
 0003:0000072c 00000109H .CRT$XPX                DATA
 0003:00000838 00000104H .CRT$XPXA               DATA
 0003:0000093c 00000104H .CRT$XPZ                DATA
 0003:00000a40 00000104H .CRT$XTA                DATA
 0003:00000b44 00000104H .CRT$XTZ                DATA
 0003:00000c50 00012570H .rdata                  DATA
 0003:000131c0 00000150H .rdata$debug            DATA
 0003:00013310 00000f22H .rdata$r                DATA
 0003:00014234 00000104H .rtc$IAA                DATA
 0003:00014338 00000104H .rtc$IZZ                DATA
 0003:0001443c 00000104H .rtc$TAA                DATA
 0003:00014540 00000104H .rtc$TZZ                DATA
 0003:00014648 00001a68H .xdata$x                DATA
 0003:000160b0 00000000H .edata                  DATA
 0004:00000000 00002d90H .data                   DATA
 0004:00002da0 00002510H .bss                    DATA
 0005:00000000 000000c8H .idata$2                DATA
 0005:000000c8 00000014H .idata$3                DATA
 0005:000000dc 000006b4H .idata$4                DATA
 0005:00000790 000006b4H .idata$5                DATA
 0005:00000e44 0000145cH .idata$6                DATA
 0006:00000000 00000a69H .rsrc$01                DATA
 0006:00000a70 00004c86H .rsrc$02                DATA

  Address         Publics by Value              Rva+Base       Lib:Object

 0000:00000000       __except_list              00000000     <absolute>
 0000:00000000       ___safe_se_handler_table   00000000     <absolute>
 0000:00000000       ___safe_se_handler_count   00000000     <absolute>
 0000:00000000       ___ImageBase               00400000     <linker-defined>
 0001:00000000       __enc$textbss$begin        00401000     <linker-defined>
 0001:0004228a       __enc$textbss$end          0044328a     <linker-defined>
 0002:00004790       ??0CBlowFish@@QAE@PBEH@Z   00448790 f   blowfish.obj
 0002:00004810       ??1CBlowFish@@QAE@XZ       00448810 f   blowfish.obj
 0002:00004860       ?Blowfish_encipher@CBlowFish@@AAEXPAK0@Z 00448860 f   blowfish.obj
 0002:00004ee0       ?Blowfish_decipher@CBlowFish@@AAEXPAK0@Z 00448ee0 f   blowfish.obj
 0002:00005560       ?Initialize@CBlowFish@@QAEXPBEH@Z 00449560 f   blowfish.obj
 0002:000057f0       ?GetOutputLength@CBlowFish@@QAEKKH@Z 004497f0 f   blowfish.obj
 0002:00005830       ?Encrypt@CBlowFish@@QAEKPBEPAEKH_J@Z 00449830 f   blowfish.obj
 0002:000059b0       ?change_order@@YAXPAK@Z    004499b0 f i blowfish.obj
 0002:00005a00       ?Decrypt@CBlowFish@@QAEKPBEPAEKH_J@Z 00449a00 f   blowfish.obj
 0002:00005ba0       ??0Cfg@@QAE@KH@Z           00449ba0 f   cfg.obj
 0002:00005ce0       ??0PubKey@@QAE@XZ          00449ce0 f i cfg.obj
 0002:00005d20       ??1PubKey@@QAE@XZ          00449d20 f i cfg.obj
 0002:00005d50       ?UnSet@PubKey@@QAEXXZ      00449d50 f i cfg.obj
 0002:00005da0       ??0TBroadcastList@@QAE@XZ  00449da0 f i cfg.obj
 0002:00005dd0       ??1Cfg@@QAE@XZ             00449dd0 f   cfg.obj
 0002:00005f10       ??1TBroadcastList@@QAE@XZ  00449f10 f i cfg.obj
 0002:00005f40       ?ReadRegistry@Cfg@@QAEHXZ  00449f40 f   cfg.obj
 0002:00008200       ?CreateKey@TRegistry@@QAEHPBD@Z 0044c200 f i cfg.obj
 0002:00008230       ??0Host@@QAE@XZ            0044c230 f i cfg.obj
 0002:00008270       ?Enable@THosts@@QAEXW4Kind@1@H@Z 0044c270 f i cfg.obj
 0002:000082a0       ?SetHostRaw@TBroadcastList@@QAEXPBDK@Z 0044c2a0 f i cfg.obj
 0002:00008360       ??0TBroadcastObj@@QAE@PBDK@Z 0044c360 f i cfg.obj
 0002:000083a0       ?SetItem@@YAXPAIHH@Z       0044c3a0 f i cfg.obj
 0002:00008400       ?ReadFontRegistry@Cfg@@IAEHPAVTRegistry@@PADPAUtagLOGFONTA@@@Z 0044c400 f   cfg.obj
 0002:00008610       ?WriteRegistry@Cfg@@QAEHH@Z 0044c610 f   cfg.obj
 0002:00009b40       ?HostCnt@THosts@@QAEHXZ    0044db40 f i cfg.obj
 0002:00009b60       ?GetHost@THosts@@QAEPAUHost@@HW4Kind@1@@Z 0044db60 f i cfg.obj
 0002:00009b90       ?Host@TBroadcastObj@@QAEPBDXZ 0044db90 f i cfg.obj
 0002:00009bb0       ?Top@TBroadcastList@@QAEPAVTBroadcastObj@@XZ 0044dbb0 f i cfg.obj
 0002:00009be0       ?Next@TBroadcastList@@QAEPAVTBroadcastObj@@PAV2@@Z 0044dbe0 f i cfg.obj
 0002:00009c10       ?WriteFontRegistry@Cfg@@IAEHPAVTRegistry@@PADPAUtagLOGFONTA@@@Z 0044dc10 f   cfg.obj
 0002:00009dc0       ?GetRegName@Cfg@@QAEXPADKH@Z 0044ddc0 f   cfg.obj
 0002:00009e60       ??0TMsgApp@@QAE@PAUHINSTANCE__@@PADH@Z 0044de60 f   Ipmsg.obj
 0002:00009f00       ??_ETMsgApp@@UAEPAXI@Z     0044df00 f i Ipmsg.obj
 0002:00009f00       ??_GTMsgApp@@UAEPAXI@Z     0044df00 f i Ipmsg.obj
 0002:00009f50       ??1TMsgApp@@UAE@XZ         0044df50 f   Ipmsg.obj
 0002:00009f80       ?InitWindow@TMsgApp@@UAEXXZ 0044df80 f   Ipmsg.obj
 0002:0000a5f0       ?strchr@@YAPADPADH@Z       0044e5f0 f i Ipmsg.obj
 0002:0000a620       _WinMain@16                0044e620 f   Ipmsg.obj
 0002:0000a670       ??0TLogDlg@@QAE@PAUCfg@@PAVTWin@@@Z 0044e670 f   Logdlg.obj
 0002:0000a6c0       ?GetParent@TWin@@UAEPAV1@XZ 0044e6c0 f i Logdlg.obj
 0002:0000a6e0       ??_ETLogDlg@@UAEPAXI@Z     0044e6e0 f i Logdlg.obj
 0002:0000a6e0       ??_GTLogDlg@@UAEPAXI@Z     0044e6e0 f i Logdlg.obj
 0002:0000a730       ??1TLogDlg@@UAE@XZ         0044e730 f i Logdlg.obj
 0002:0000a760       ?EvCommand@TLogDlg@@UAEHGGJ@Z 0044e760 f   Logdlg.obj
 0002:0000a9c0       ??0OpenFileDlg@@QAE@PAVTWin@@W4Mode@0@P6GIPAUHWND__@@IIJ@Z@Z 0044e9c0 f i Logdlg.obj
 0002:0000aa00       ?EvCreate@TLogDlg@@UAEHJ@Z 0044ea00 f   Logdlg.obj
 0002:0000ab30       ?SetData@TLogDlg@@IAEXXZ   0044eb30 f   Logdlg.obj
 0002:0000ae50       ?GetData@TLogDlg@@IAEXXZ   0044ee50 f   Logdlg.obj
 0002:0000b1a0       ?OpenSoundFileDlg@TLogDlg@@QAEHXZ 0044f1a0 f   Logdlg.obj
 0002:0000b2c0       ??0LogMng@@QAE@PAUCfg@@@Z  0044f2c0 f   Logmng.obj
 0002:0000b2f0       ?WriteSendStart@LogMng@@QAEHXZ 0044f2f0 f   Logmng.obj
 0002:0000b320       ?WriteSendHead@LogMng@@QAEHPBD@Z 0044f320 f   Logmng.obj
 0002:0000b390       ?WriteSendMsg@LogMng@@QAEHPBDKPAUShareInfo@@@Z 0044f390 f   Logmng.obj
 0002:0000b3d0       ?WriteRecvMsg@LogMng@@QAEHPAUMsgBuf@@PAVTHosts@@PAUShareInfo@@@Z 0044f3d0 f   Logmng.obj
 0002:0000b4f0       ?WriteStart@LogMng@@QAEHXZ 0044f4f0 f   Logmng.obj
 0002:0000b520       ?WriteMsg@LogMng@@QAEHPBDKPAUShareInfo@@@Z 0044f520 f   Logmng.obj
 0002:0000b870       ?Fname@FileInfo@@QAEPBDXZ  0044f870 f i Logmng.obj
 0002:0000b8b0       ?Write@LogMng@@IAEHPBD@Z   0044f8b0 f   Logmng.obj
 0002:0000b990       ?StrictLogFile@LogMng@@SAXPAD@Z 0044f990 f   Logmng.obj
 0002:0000ba50       ?strstr@@YAPADPADPBD@Z     0044fa50 f i Logmng.obj
 0002:0000ba80       ??0TMainWin@@QAE@KHPAVTWin@@@Z 0044fa80 f   Mainwin.obj
 0002:0000c0b0       ?GetStatus@MsgMng@@QAEHXZ  004500b0 f i Mainwin.obj
 0002:0000c0d0       ??_GTMainWin@@UAEPAXI@Z    004500d0 f i Mainwin.obj
 0002:0000c0d0       ??_ETMainWin@@UAEPAXI@Z    004500d0 f i Mainwin.obj
 0002:0000c120       ??1TMainWin@@UAE@XZ        00450120 f   Mainwin.obj
 0002:0000c1a0       ?Terminate@TMainWin@@IAEXXZ 004501a0 f   Mainwin.obj
 0002:0000c460       ?EvCreate@TMainWin@@UAEHJ@Z 00450460 f   Mainwin.obj
 0002:0000c630       ?EvClose@TMainWin@@UAEHXZ  00450630 f   Mainwin.obj
 0002:0000c670       ?EvTimer@TMainWin@@UAEHIP6GXPAUHWND__@@IIK@Z@Z 00450670 f   Mainwin.obj
 0002:0000ca00       ?Addr@TBroadcastObj@@QAEKH@Z 00450a00 f i Mainwin.obj
 0002:0000ca60       ?EvCommand@TMainWin@@UAEHGGJ@Z 00450a60 f   Mainwin.obj
 0002:0000cd80       ?EvSysCommand@TMainWin@@UAEHIUtagPOINTS@@@Z 00450d80 f   Mainwin.obj
 0002:0000cf00       ?EvEndSession@TMainWin@@UAEHHH@Z 00450f00 f   Mainwin.obj
 0002:0000cf40       ?EvQueryOpen@TMainWin@@UAEHXZ 00450f40 f   Mainwin.obj
 0002:0000cf90       ?EvHotKey@TMainWin@@UAEHH@Z 00450f90 f   Mainwin.obj
 0002:0000d000       ?EventButton@TMainWin@@UAEHIHUtagPOINTS@@@Z 00451000 f   Mainwin.obj
 0002:0000d2e0       ?EventInitMenu@TMainWin@@UAEHIPAUHMENU__@@IH@Z 004512e0 f   Mainwin.obj
 0002:0000d540       ?AddAbsenceMenu@TMainWin@@IAEHPAUHMENU__@@H@Z 00451540 f   Mainwin.obj
 0002:0000d750       ?EventUser@TMainWin@@UAEHIIJ@Z 00451750 f   Mainwin.obj
 0002:0000da50       ?EntryHost@TMainWin@@IAEXXZ 00451a50 f   Mainwin.obj
 0002:0000db60       ?ExitHost@TMainWin@@IAEXXZ 00451b60 f   Mainwin.obj
 0002:0000dbb0       ?IsLastPacket@TMainWin@@IAEHPAUMsgBuf@@@Z 00451bb0 f   Mainwin.obj
 0002:0000dc60       ?UdpEvent@TMainWin@@IAEHJ@Z 00451c60 f   Mainwin.obj
 0002:0000e1a0       ?GetHostByName@THosts@@QAEPAUHost@@PAUHostSub@@@Z 004521a0 f i Mainwin.obj
 0002:0000e1f0       ?GetLocalHost@MsgMng@@QAEPAUHostSub@@XZ 004521f0 f i Mainwin.obj
 0002:0000e210       ?TcpEvent@TMainWin@@IAEHIJ@Z 00452210 f   Mainwin.obj
 0002:0000e380       ?FindSendFileObj@TMainWin@@IAEPAUSendFileObj@@I@Z 00452380 f i Mainwin.obj
 0002:0000e400       ?CheckConnectInfo@TMainWin@@IAEHPAUConnectInfo@@@Z 00452400 f   Mainwin.obj
 0002:0000e4c0       ?Top@ShareMng@@QAEPAUShareInfo@@XZ 004524c0 f i Mainwin.obj
 0002:0000e510       ?Next@ShareMng@@QAEPAUShareInfo@@PAU2@@Z 00452510 f i Mainwin.obj
 0002:0000e560       ?StartSendFile@TMainWin@@IAEHI@Z 00452560 f   Mainwin.obj
 0002:0000eae0       ?OpenSendFile@TMainWin@@IAEHPBDPAUSendFileObj@@@Z 00452ae0 f   Mainwin.obj
 0002:0000ed20       ?CloseSendFile@TMainWin@@IAEHPAUSendFileObj@@@Z 00452d20 f   Mainwin.obj
 0002:0000edc0       ?SendFileThread@TMainWin@@KGKPAX@Z 00452dc0 f   Mainwin.obj
 0002:0000f140       ?MakeDirHeader@@YAHPAUSendFileObj@@H@Z 00453140 f   Mainwin.obj
 0002:0000f330       ?FileTime2UnixTime@@YA_JPAU_FILETIME@@@Z 00453330 f i Mainwin.obj
 0002:0000f370       ?SendDirFile@TMainWin@@IAEHPAUSendFileObj@@@Z 00453370 f   Mainwin.obj
 0002:0000fb10       ?SendFile@TMainWin@@IAEHPAUSendFileObj@@@Z 00453b10 f   Mainwin.obj
 0002:0000fe10       ?EndSendFile@TMainWin@@IAEHPAUSendFileObj@@@Z 00453e10 f   Mainwin.obj
 0002:0000ff50       ?MsgBrEntry@TMainWin@@IAEXPAUMsgBuf@@@Z 00453f50 f   Mainwin.obj
 0002:00010060       ?SetAnswerQueue@TMainWin@@IAEHPAUAddrObj@@@Z 00454060 f   Mainwin.obj
 0002:00010160       ?ExecuteAnsQueue@TMainWin@@IAEXXZ 00454160 f   Mainwin.obj
 0002:00010210       ?MsgBrExit@TMainWin@@IAEXPAUMsgBuf@@@Z 00454210 f   Mainwin.obj
 0002:000102e0       ?MsgAnsEntry@TMainWin@@IAEXPAUMsgBuf@@@Z 004542e0 f   Mainwin.obj
 0002:00010340       ?MsgBrAbsence@TMainWin@@IAEXPAUMsgBuf@@@Z 00454340 f   Mainwin.obj
 0002:000103a0       ?MsgSendMsg@TMainWin@@IAEXPAUMsgBuf@@@Z 004543a0 f   Mainwin.obj
 0002:00010660       ?GetHostByAddr@THosts@@QAEPAUHost@@PAUHostSub@@@Z 00454660 f i Mainwin.obj
 0002:000106b0       ?GetCreateCnt@TRecvDlg@@SAHXZ 004546b0 f i Mainwin.obj
 0002:000106d0       ?MsgRecvMsg@TMainWin@@IAEXPAUMsgBuf@@@Z 004546d0 f   Mainwin.obj
 0002:00010700       ?MsgReadMsg@TMainWin@@IAEXPAUMsgBuf@@@Z 00454700 f   Mainwin.obj
 0002:00010730       ?MsgBrIsGetList@TMainWin@@IAEXPAUMsgBuf@@@Z 00454730 f   Mainwin.obj
 0002:00010820       ?MsgOkGetList@TMainWin@@IAEXPAUMsgBuf@@@Z 00454820 f   Mainwin.obj
 0002:00010880       ?MsgGetList@TMainWin@@IAEXPAUMsgBuf@@@Z 00454880 f   Mainwin.obj
 0002:000108c0       ?MsgAnsList@TMainWin@@IAEXPAUMsgBuf@@@Z 004548c0 f   Mainwin.obj
 0002:00010910       ?MsgGetInfo@TMainWin@@IAEXPAUMsgBuf@@@Z 00454910 f   Mainwin.obj
 0002:00010990       ?MsgSendInfo@TMainWin@@IAEXPAUMsgBuf@@@Z 00454990 f   Mainwin.obj
 0002:000109c0       ?MsgGetPubKey@TMainWin@@IAEXPAUMsgBuf@@@Z 004549c0 f   Mainwin.obj
 0002:00010b70       ?Key@PubKey@@QAEPBEXZ      00454b70 f i Mainwin.obj
 0002:00010b90       ?KeyLen@PubKey@@QAEHXZ     00454b90 f i Mainwin.obj
 0002:00010bb0       ?Exponent@PubKey@@QAEHXZ   00454bb0 f i Mainwin.obj
 0002:00010bd0       ?Capa@PubKey@@QAEHXZ       00454bd0 f i Mainwin.obj
 0002:00010bf0       ?MsgAnsPubKey@TMainWin@@IAEXPAUMsgBuf@@@Z 00454bf0 f   Mainwin.obj
 0002:00010eb0       ?MsgInfoSub@TMainWin@@IAEXPAUMsgBuf@@@Z 00454eb0 f   Mainwin.obj
 0002:00011570       ?strrchr@@YAPADPADH@Z      00455570 f i Mainwin.obj
 0002:000115a0       ?GetCreateCnt@TMsgDlg@@SAHXZ 004555a0 f i Mainwin.obj
 0002:000115c0       ?MsgGetAbsenceInfo@TMainWin@@IAEXPAUMsgBuf@@@Z 004555c0 f   Mainwin.obj
 0002:00011650       ?MsgSendAbsenceInfo@TMainWin@@IAEXPAUMsgBuf@@@Z 00455650 f   Mainwin.obj
 0002:00011680       ?MsgReleaseFiles@TMainWin@@IAEXPAUMsgBuf@@@Z 00455680 f   Mainwin.obj
 0002:000116e0       ?SendDlgOpen@TMainWin@@IAEHPAUHWND__@@PAUMsgBuf@@@Z 004556e0 f   Mainwin.obj
 0002:000119b0       ?GetRecvWnd@TSendDlg@@QAEPAUHWND__@@XZ 004559b0 f i Mainwin.obj
 0002:000119d0       ?SendDlgHide@TMainWin@@IAEXPAVTSendDlg@@@Z 004559d0 f   Mainwin.obj
 0002:00011b20       ?SendDlgExit@TMainWin@@IAEXPAVTSendDlg@@@Z 00455b20 f   Mainwin.obj
 0002:00011bc0       ?RecvDlgOpen@TMainWin@@IAEHPAUMsgBuf@@@Z 00455bc0 f   Mainwin.obj
 0002:00011e70       ?Status@TRecvDlg@@QAEHXZ   00455e70 f i Mainwin.obj
 0002:00011ea0       ?RecvDlgExit@TMainWin@@IAEXPAVTRecvDlg@@@Z 00455ea0 f   Mainwin.obj
 0002:00011f20       ?MsgDlgExit@TMainWin@@IAEXPAVTMsgDlg@@@Z 00455f20 f   Mainwin.obj
 0002:00011fa0       ?MiscDlgOpen@TMainWin@@IAEXPAVTDlg@@@Z 00455fa0 f   Mainwin.obj
 0002:00012010       ?TaskBar@TMainWin@@IAEHHPAUHICON__@@PBD@Z 00456010 f   Mainwin.obj
 0002:00012100       ?Popup@TMainWin@@IAEXI@Z   00456100 f   Mainwin.obj
 0002:000122f0       ?PopupCheck@TMainWin@@IAEHXZ 004562f0 f   Mainwin.obj
 0002:00012470       ?ActiveChildWindow@TMainWin@@IAEXH@Z 00456470 f   Mainwin.obj
 0002:00012560       ?AddHost@TMainWin@@IAEXPAUHostSub@@KPAD1@Z 00456560 f   Mainwin.obj
 0002:00012e70       ?RefCnt@Host@@QAEHH@Z      00456e70 f i Mainwin.obj
 0002:00012eb0       ??_GHost@@QAEPAXI@Z        00456eb0 f i Mainwin.obj
 0002:00012f00       ??1Host@@QAE@XZ            00456f00 f i Mainwin.obj
 0002:00012f40       ?SetHostData@TMainWin@@IAEXPAUHost@@PAUHostSub@@K_JPAD3H@Z 00456f40 f i Mainwin.obj
 0002:00012ff0       ?DelAllHost@TMainWin@@IAEXXZ 00456ff0 f   Mainwin.obj
 0002:00013100       ?DelHost@TMainWin@@IAEXPAUHostSub@@@Z 00457100 f   Mainwin.obj
 0002:00013150       ?DelHostSub@TMainWin@@IAEXPAUHost@@@Z 00457150 f   Mainwin.obj
 0002:00013370       ?RefreshHost@TMainWin@@IAEXH@Z 00457370 f   Mainwin.obj
 0002:00013550       ?SetCaption@TMainWin@@IAEXXZ 00457550 f   Mainwin.obj
 0002:00013610       ?BroadcastEntry@TMainWin@@IAEXK@Z 00457610 f   Mainwin.obj
 0002:000138c0       ?BroadcastEntrySub@TMainWin@@IAEXKHK@Z 004578c0 f   Mainwin.obj
 0002:00013930       ?BroadcastEntrySub@TMainWin@@IAEXPAUHostSub@@K@Z 00457930 f   Mainwin.obj
 0002:000139e0       ?ReverseIcon@TMainWin@@IAEXH@Z 004579e0 f   Mainwin.obj
 0002:00013a70       ?SetIcon@TMainWin@@IAEXPAUHICON__@@@Z 00457a70 f   Mainwin.obj
 0002:00013af0       ?SendHostList@TMainWin@@IAEXPAUMsgBuf@@@Z 00457af0 f   Mainwin.obj
 0002:00013e20       ?AddHostList@TMainWin@@IAEXPAUMsgBuf@@@Z 00457e20 f   Mainwin.obj
 0002:000141d0       ?LogOpen@TMainWin@@IAEXXZ  004581d0 f   Mainwin.obj
 0002:000142c0       ?HostStatus@TMainWin@@IAEKXZ 004582c0 f   Mainwin.obj
 0002:00014390       ?IsAvailableTCP@MsgMng@@QAEHXZ 00458390 f i Mainwin.obj
 0002:000143c0       ?InitIcon@TMainWin@@IAEXXZ 004583c0 f   Mainwin.obj
 0002:000144b0       ?GetIPMsgIcon@TMainWin@@SAPAUHICON__@@XZ 004584b0 f   Mainwin.obj
 0002:000144d0       ?ActiveListDlg@TMainWin@@IAEXPAVTList@@H@Z 004584d0 f   Mainwin.obj
 0002:000145a0       ?DeleteListDlg@TMainWin@@IAEXPAVTList@@@Z 004585a0 f   Mainwin.obj
 0002:00014670       ?ActiveDlg@TMainWin@@IAEXPAVTDlg@@H@Z 00458670 f   Mainwin.obj
 0002:000146e0       ?GetNickNameEx@TMainWin@@IAEPADXZ 004586e0 f   Mainwin.obj
 0002:00014840       ?SetupCryptAPI@TMainWin@@IAEHXZ 00458840 f   Mainwin.obj
 0002:00014d30       ?SetupCryptAPICore@TMainWin@@IAEHH@Z 00458d30 f   Mainwin.obj
 0002:00015410       ?KeyBlob@PubKey@@QAEHPAEHPAH@Z 00459410 f i Mainwin.obj
 0002:000154e0       ?KeyBlobLen@PubKey@@QAEHXZ 004594e0 f i Mainwin.obj
 0002:00015510       ?SetupRSAKey@TMainWin@@IAEHHH@Z 00459510 f   Mainwin.obj
 0002:00015c30       ?SetByBlob@PubKey@@QAEXPAEH@Z 00459c30 f i Mainwin.obj
 0002:00015cd0       ?LoadPrivBlob@TMainWin@@IAEHPAEPAH@Z 00459cd0 f   Mainwin.obj
 0002:00016100       ??1TPasswordDlg@@UAE@XZ    0045a100 f i Mainwin.obj
 0002:00016130       ?StorePrivBlob@TMainWin@@IAEHPAEH@Z 0045a130 f   Mainwin.obj
 0002:000166e0       ?ControlIME@TMainWin@@IAEXPAVTWin@@H@Z 0045a6e0 f   Mainwin.obj
 0002:00016890       ?GetMainWnd@@YAPAUHWND__@@XZ 0045a890 f   Mainwin.obj
 0002:000168b0       ?GetVerionStr@@YAPADXZ     0045a8b0 f   Mainwin.obj
 0002:000168e0       ??0TMsgDlg@@QAE@PAVTWin@@@Z 0045a8e0 f   Miscdlg.obj
 0002:00016940       ??0TListDlg@@QAE@IPAVTWin@@@Z 0045a940 f i Miscdlg.obj
 0002:00016980       ??_ETListDlg@@UAEPAXI@Z    0045a980 f i Miscdlg.obj
 0002:00016980       ??_GTListDlg@@UAEPAXI@Z    0045a980 f i Miscdlg.obj
 0002:000169d0       ??1TListDlg@@UAE@XZ        0045a9d0 f i Miscdlg.obj
 0002:00016a00       ??_ETMsgDlg@@UAEPAXI@Z     0045aa00 f i Miscdlg.obj
 0002:00016a00       ??_GTMsgDlg@@UAEPAXI@Z     0045aa00 f i Miscdlg.obj
 0002:00016a50       ??1TMsgDlg@@UAE@XZ         0045aa50 f   Miscdlg.obj
 0002:00016a90       ?Create@TMsgDlg@@UAEHPAD0H@Z 0045aa90 f   Miscdlg.obj
 0002:00016c40       ?EvCommand@TMsgDlg@@UAEHGGJ@Z 0045ac40 f   Miscdlg.obj
 0002:00016d00       ?EvCreate@TMsgDlg@@UAEHJ@Z 0045ad00 f   Miscdlg.obj
 0002:00016e80       ??0TAboutDlg@@QAE@PAVTWin@@@Z 0045ae80 f   Miscdlg.obj
 0002:00016ec0       ??_ETAboutDlg@@UAEPAXI@Z   0045aec0 f i Miscdlg.obj
 0002:00016ec0       ??_GTAboutDlg@@UAEPAXI@Z   0045aec0 f i Miscdlg.obj
 0002:00016f10       ??1TAboutDlg@@UAE@XZ       0045af10 f i Miscdlg.obj
 0002:00016f40       ?EvCreate@TAboutDlg@@UAEHJ@Z 0045af40 f   Miscdlg.obj
 0002:000170d0       ?EvCommand@TAboutDlg@@UAEHGGJ@Z 0045b0d0 f   Miscdlg.obj
 0002:00017180       ??0TListViewEx@@QAE@PAVTWin@@@Z 0045b180 f   Miscdlg.obj
 0002:000171d0       ??_ETListViewEx@@UAEPAXI@Z 0045b1d0 f i Miscdlg.obj
 0002:000171d0       ??_GTListViewEx@@UAEPAXI@Z 0045b1d0 f i Miscdlg.obj
 0002:00017220       ??1TListViewEx@@UAE@XZ     0045b220 f i Miscdlg.obj
 0002:00017250       ??1TSubClassCtl@@UAE@XZ    0045b250 f i Miscdlg.obj
 0002:00017280       ??1TSubClass@@UAE@XZ       0045b280 f i Miscdlg.obj
 0002:000172b0       ?EventFocus@TListViewEx@@UAEHIPAUHWND__@@@Z 0045b2b0 f   Miscdlg.obj
 0002:00017430       ?EventButton@TListViewEx@@UAEHIHUtagPOINTS@@@Z 0045b430 f   Miscdlg.obj
 0002:000174b0       ?EventUser@TListViewEx@@UAEHIIJ@Z 0045b4b0 f   Miscdlg.obj
 0002:00017580       ??0TEditSub@@QAE@PAUCfg@@PAVTWin@@@Z 0045b580 f   Miscdlg.obj
 0002:000175d0       ??_ETEditSub@@UAEPAXI@Z    0045b5d0 f i Miscdlg.obj
 0002:000175d0       ??_GTEditSub@@UAEPAXI@Z    0045b5d0 f i Miscdlg.obj
 0002:00017620       ??1TEditSub@@UAE@XZ        0045b620 f i Miscdlg.obj
 0002:00017650       ?EventButton@TEditSub@@UAEHIHUtagPOINTS@@@Z 0045b650 f   Miscdlg.obj
 0002:000176b0       ?EventUser@TEditSub@@UAEHIIJ@Z 0045b6b0 f   Miscdlg.obj
 0002:00017b30       ??0TSeparateSub@@QAE@PAVTWin@@@Z 0045bb30 f   Miscdlg.obj
 0002:00017b80       ??_ETSeparateSub@@UAEPAXI@Z 0045bb80 f i Miscdlg.obj
 0002:00017b80       ??_GTSeparateSub@@UAEPAXI@Z 0045bb80 f i Miscdlg.obj
 0002:00017bd0       ??1TSeparateSub@@UAE@XZ    0045bbd0 f i Miscdlg.obj
 0002:00017c00       ?EvSetCursor@TSeparateSub@@UAEHPAUHWND__@@GG@Z 0045bc00 f   Miscdlg.obj
 0002:00017c30       ?EvNcHitTest@TSeparateSub@@UAEHUtagPOINTS@@PAJ@Z 0045bc30 f   Miscdlg.obj
 0002:00017c60       ?EventButton@TSeparateSub@@UAEHIHUtagPOINTS@@@Z 0045bc60 f   Miscdlg.obj
 0002:00017cd0       ??0TAbsenceDlg@@QAE@PAUCfg@@PAVTWin@@@Z 0045bcd0 f   Miscdlg.obj
 0002:00017d30       ??_GTAbsenceDlg@@UAEPAXI@Z 0045bd30 f i Miscdlg.obj
 0002:00017d30       ??_ETAbsenceDlg@@UAEPAXI@Z 0045bd30 f i Miscdlg.obj
 0002:00017d80       ??1TAbsenceDlg@@UAE@XZ     0045bd80 f   Miscdlg.obj
 0002:00017db0       ?EvCreate@TAbsenceDlg@@UAEHJ@Z 0045bdb0 f   Miscdlg.obj
 0002:00017fe0       ?EvNcDestroy@TAbsenceDlg@@UAEHXZ 0045bfe0 f   Miscdlg.obj
 0002:00018040       ?EvCommand@TAbsenceDlg@@UAEHGGJ@Z 0045c040 f   Miscdlg.obj
 0002:000184c0       ?EventUser@TAbsenceDlg@@UAEHIIJ@Z 0045c4c0 f   Miscdlg.obj
 0002:000185b0       ?SetData@TAbsenceDlg@@IAEXXZ 0045c5b0 f   Miscdlg.obj
 0002:00018710       ?GetData@TAbsenceDlg@@IAEXXZ 0045c710 f   Miscdlg.obj
 0002:00018850       ??0TSortDlg@@QAE@PAUCfg@@PAVTWin@@@Z 0045c850 f   Miscdlg.obj
 0002:000188a0       ??_ETSortDlg@@UAEPAXI@Z    0045c8a0 f i Miscdlg.obj
 0002:000188a0       ??_GTSortDlg@@UAEPAXI@Z    0045c8a0 f i Miscdlg.obj
 0002:000188f0       ??1TSortDlg@@UAE@XZ        0045c8f0 f i Miscdlg.obj
 0002:00018920       ?Exec@TSortDlg@@UAEHXZ     0045c920 f   Miscdlg.obj
 0002:00018980       ?EvCommand@TSortDlg@@UAEHGGJ@Z 0045c980 f   Miscdlg.obj
 0002:00018a40       ?EvCreate@TSortDlg@@UAEHJ@Z 0045ca40 f   Miscdlg.obj
 0002:00018b50       ?SetData@TSortDlg@@IAEXXZ  0045cb50 f   Miscdlg.obj
 0002:00018f00       ?GetItem@@YAHIH@Z          0045cf00 f i Miscdlg.obj
 0002:00018f30       ?GetData@TSortDlg@@IAEXXZ  0045cf30 f   Miscdlg.obj
 0002:00019360       ??0TUrlDlg@@QAE@PAUCfg@@PAVTWin@@@Z 0045d360 f   Miscdlg.obj
 0002:00019410       ??_GTUrlDlg@@UAEPAXI@Z     0045d410 f i Miscdlg.obj
 0002:00019410       ??_ETUrlDlg@@UAEPAXI@Z     0045d410 f i Miscdlg.obj
 0002:00019460       ??1TUrlDlg@@UAE@XZ         0045d460 f   Miscdlg.obj
 0002:00019490       ?EvCreate@TUrlDlg@@UAEHJ@Z 0045d490 f   Miscdlg.obj
 0002:000195e0       ?EvNcDestroy@TUrlDlg@@UAEHXZ 0045d5e0 f   Miscdlg.obj
 0002:00019650       ?EvCommand@TUrlDlg@@UAEHGGJ@Z 0045d650 f   Miscdlg.obj
 0002:00019980       ?SetCurrentData@TUrlDlg@@IAEXXZ 0045d980 f   Miscdlg.obj
 0002:000199f0       ?SetData@TUrlDlg@@IAEXXZ   0045d9f0 f   Miscdlg.obj
 0002:00019b70       ?GetData@TUrlDlg@@IAEXXZ   0045db70 f   Miscdlg.obj
 0002:00019cf0       ??0TPasswordDlg@@QAE@PAUCfg@@PAVTWin@@@Z 0045dcf0 f   Miscdlg.obj
 0002:00019d50       ??_ETPasswordDlg@@UAEPAXI@Z 0045dd50 f i Miscdlg.obj
 0002:00019d50       ??_GTPasswordDlg@@UAEPAXI@Z 0045dd50 f i Miscdlg.obj
 0002:00019da0       ??0TPasswordDlg@@QAE@PADPAVTWin@@@Z 0045dda0 f   Miscdlg.obj
 0002:00019e00       ?EvCommand@TPasswordDlg@@UAEHGGJ@Z 0045de00 f   Miscdlg.obj
 0002:00019f90       ?EvCreate@TPasswordDlg@@UAEHJ@Z 0045df90 f   Miscdlg.obj
 0002:0001a0d0       ??0TPasswdChangeDlg@@QAE@PAUCfg@@PAVTWin@@@Z 0045e0d0 f   Miscdlg.obj
 0002:0001a120       ??_ETPasswdChangeDlg@@UAEPAXI@Z 0045e120 f i Miscdlg.obj
 0002:0001a120       ??_GTPasswdChangeDlg@@UAEPAXI@Z 0045e120 f i Miscdlg.obj
 0002:0001a170       ??1TPasswdChangeDlg@@UAE@XZ 0045e170 f i Miscdlg.obj
 0002:0001a1a0       ?EvCommand@TPasswdChangeDlg@@UAEHGGJ@Z 0045e1a0 f   Miscdlg.obj
 0002:0001a3a0       ?EvCreate@TPasswdChangeDlg@@UAEHJ@Z 0045e3a0 f   Miscdlg.obj
 0002:0001a470       ?CheckPassword@@YAHPBD0@Z  0045e470 f   Miscdlg.obj
 0002:0001a4d0       ?MakePassword@@YAXPBDPAD@Z 0045e4d0 f   Miscdlg.obj
 0002:0001a530       ?strncpyz@@YAPADPADPBDH@Z  0045e530 f   Miscdlg.obj
 0002:0001a5b0       ?strncmpi@@YAHPBD0H@Z      0045e5b0 f   Miscdlg.obj
 0002:0001a670       ?SearchUrlObj@@YAPAUUrlObj@@PAVTList@@PAD@Z 0045e670 f   Miscdlg.obj
 0002:0001a6f0       ?SetDlgIcon@@YAXPAUHWND__@@@Z 0045e6f0 f   Miscdlg.obj
 0002:0001a740       ?MakeListString@@YAXPAUCfg@@PAUHostSub@@PAVTHosts@@PAD@Z 0045e740 f   Miscdlg.obj
 0002:0001a870       ?MakeListString@@YAXPAUCfg@@PAUHost@@PAD@Z 0045e870 f   Miscdlg.obj
 0002:0001aa50       ?SetImeOpenStatus@@YAHPAUHWND__@@H@Z 0045ea50 f   Miscdlg.obj
 0002:0001aa70       ?GetImeOpenStatus@@YAHPAUHWND__@@@Z 0045ea70 f   Miscdlg.obj
 0002:0001aa90       ?SetHotKey@@YAHPAUCfg@@@Z  0045ea90 f   Miscdlg.obj
 0002:0001ab90       ?IsSameHost@@YAHPAUHostSub@@0@Z 0045eb90 f   Miscdlg.obj
 0002:0001abf0       ?RectToWinPos@@YAXPBUtagRECT@@PAUWINPOS@@@Z 0045ebf0 f   Miscdlg.obj
 0002:0001ac50       ??0THosts@@QAE@XZ          0045ec50 f   Miscdlg.obj
 0002:0001acc0       ??1THosts@@QAE@XZ          0045ecc0 f   Miscdlg.obj
 0002:0001ad20       ?Cmp@THosts@@IAEHPAUHostSub@@0W4Kind@1@@Z 0045ed20 f   Miscdlg.obj
 0002:0001ae30       ?Search@THosts@@IAEPAUHost@@W4Kind@1@PAUHostSub@@PAH@Z 0045ee30 f   Miscdlg.obj
 0002:0001af20       ?AddHost@THosts@@QAEHPAUHost@@@Z 0045ef20 f   Miscdlg.obj
 0002:0001b0d0       ?DelHost@THosts@@QAEHPAUHost@@@Z 0045f0d0 f   Miscdlg.obj
 0002:0001b200       ?PriorityHostCnt@THosts@@QAEHHH@Z 0045f200 f   Miscdlg.obj
 0002:0001b2a0       ??0TFindDlg@@QAE@PAUCfg@@PAVTSendDlg@@@Z 0045f2a0 f   Miscdlg.obj
 0002:0001b300       ??_GTFindDlg@@UAEPAXI@Z    0045f300 f i Miscdlg.obj
 0002:0001b300       ??_ETFindDlg@@UAEPAXI@Z    0045f300 f i Miscdlg.obj
 0002:0001b350       ??1TFindDlg@@UAE@XZ        0045f350 f i Miscdlg.obj
 0002:0001b380       ?EvCommand@TFindDlg@@UAEHGGJ@Z 0045f380 f   Miscdlg.obj
 0002:0001b700       ?EvCreate@TFindDlg@@UAEHJ@Z 0045f700 f   Miscdlg.obj
 0002:0001b900       ?Exec@OpenFileDlg@@QAEHIPAD00@Z 0045f900 f   Miscdlg.obj
 0002:0001b9d0       ?Exec@OpenFileDlg@@QAEHPAD000@Z 0045f9d0 f   Miscdlg.obj
 0002:0001bd10       ?BrowseDirDlgProc@@YGHPAUHWND__@@IJJ@Z 0045fd10 f   Miscdlg.obj
 0002:0001bd60       ?BrowseDirDlg@@YAHPAVTWin@@PBD1PAD@Z 0045fd60 f   Miscdlg.obj
 0002:0001be40       ?GetLastErrorMsg@@YAHPADPAVTWin@@@Z 0045fe40 f   Miscdlg.obj
 0002:0001bf10       ?GetSockErrorMsg@@YAHPADPAVTWin@@@Z 0045ff10 f   Miscdlg.obj
 0002:0001bfe0       ?PathToFname@@YAHPBDPAD@Z  0045ffe0 f   Miscdlg.obj
 0002:0001c080       ?ForcePathToFname@@YAXPBDPAD@Z 00460080 f   Miscdlg.obj
 0002:0001c150       ?PathToDir@@YAHPBDPAD@Z    00460150 f   Miscdlg.obj
 0002:0001c250       ?IsSafePath@@YAHPBD0@Z     00460250 f   Miscdlg.obj
 0002:0001c2d0       ?MakePath@@YAHPADPBD1@Z    004602d0 f   Miscdlg.obj
 0002:0001c430       ?Time@@YA_JXZ              00460430 f   Miscdlg.obj
 0002:0001c490       ?Ctime@@YAPADPAU_SYSTEMTIME@@@Z 00460490 f   Miscdlg.obj
 0002:0001c540       ?hexstr2bin@@YAHPBDPAEHPAH@Z 00460540 f   Miscdlg.obj
 0002:0001c5f0       ?hexchar2char@@YAEE@Z      004605f0 f i Miscdlg.obj
 0002:0001c660       ?hexstr2bin_bigendian@@YAHPBDPAEHPAH@Z 00460660 f   Miscdlg.obj
 0002:0001c720       ?bin2hexstr@@YAXPBEHPAD@Z  00460720 f   Miscdlg.obj
 0002:0001c7c0       ?bin2hexstr_bigendian@@YAXPBEHPAD@Z 004607c0 f   Miscdlg.obj
 0002:0001c850       ?hex2ll@@YA_JPAD@Z         00460850 f   Miscdlg.obj
 0002:0001c970       ?MakeSizeString@@YAHPAD_JH@Z 00460970 f   Miscdlg.obj
 0002:0001cb40       ?separate_token@@YAPADPADDPAPAD@Z 00460b40 f   Miscdlg.obj
 0002:0001cc50       ?MakeHash@@YAXPBEHPAD@Z    00460c50 f   Miscdlg.obj
 0002:0001cd40       ?VerifyHash@@YAHPBEHPBD@Z  00460d40 f   Miscdlg.obj
 0002:0001cda0       ?ResolveAddr@@YAKPBD@Z     00460da0 f   Miscdlg.obj
 0002:0001ce20       ?Reset@TBroadcastList@@QAEXXZ 00460e20 f   Miscdlg.obj
 0002:0001ce90       ??_GTBroadcastObj@@QAEPAXI@Z 00460e90 f i Miscdlg.obj
 0002:0001cee0       ??1TBroadcastObj@@QAE@XZ   00460ee0 f i Miscdlg.obj
 0002:0001cf20       ??0MsgMng@@QAE@KHPAUCfg@@@Z 00460f20 f   Msgmng.obj
 0002:0001d100       ??1MsgMng@@QAE@XZ          00461100 f   Msgmng.obj
 0002:0001d130       ?WSockInit@MsgMng@@IAEHH@Z 00461130 f   Msgmng.obj
 0002:0001d570       ?WSockTerm@MsgMng@@IAEXXZ  00461570 f   Msgmng.obj
 0002:0001d5c0       ?CloseSocket@MsgMng@@QAEXXZ 004615c0 f   Msgmng.obj
 0002:0001d630       ?WSockReset@MsgMng@@IAEHXZ 00461630 f   Msgmng.obj
 0002:0001d660       ?Send@MsgMng@@QAEHPAUHostSub@@KH@Z 00461660 f   Msgmng.obj
 0002:0001d6e0       ?Send@MsgMng@@QAEHPAUHostSub@@KPBD1@Z 004616e0 f   Msgmng.obj
 0002:0001d730       ?Send@MsgMng@@QAEHKHKPBD0@Z 00461730 f   Msgmng.obj
 0002:0001d7c0       ?MakeMsg@MsgMng@@QAEKPADKPBD1PAH@Z 004617c0 f i Msgmng.obj
 0002:0001d810       ?MakePacketNo@MsgMng@@QAEKXZ 00461810 f i Msgmng.obj
 0002:0001d850       ?AsyncSelectRegist@MsgMng@@QAEHPAUHWND__@@@Z 00461850 f   Msgmng.obj
 0002:0001d8e0       ?Recv@MsgMng@@QAEHPAUMsgBuf@@@Z 004618e0 f   Msgmng.obj
 0002:0001d960       ?MakeMsg@MsgMng@@QAEKPADHKPBD1PAH@Z 00461960 f   Msgmng.obj
 0002:0001dab0       ?LocalNewLineToUnix@MsgMng@@SAHPBDPADH@Z 00461ab0 f   Msgmng.obj
 0002:0001db40       ?UnixNewLineToLocal@MsgMng@@SAHPBDPADH@Z 00461b40 f   Msgmng.obj
 0002:0001dc40       ?ResolveMsg@MsgMng@@QAEHPAURecvBuf@@PAUMsgBuf@@@Z 00461c40 f   Msgmng.obj
 0002:0001dfb0       ?UdpSend@MsgMng@@QAEHKHPBD@Z 00461fb0 f   Msgmng.obj
 0002:0001e000       ?UdpSend@MsgMng@@QAEHKHPBDH@Z 00462000 f   Msgmng.obj
 0002:0001e150       ?UdpRecv@MsgMng@@QAEHPAURecvBuf@@@Z 00462150 f   Msgmng.obj
 0002:0001e1e0       ?Accept@MsgMng@@QAEHPAUHWND__@@PAUConnectInfo@@@Z 004621e0 f   Msgmng.obj
 0002:0001e360       ?Connect@MsgMng@@QAEHPAUHWND__@@PAUConnectInfo@@@Z 00462360 f   Msgmng.obj
 0002:0001e540       ?AsyncSelectConnect@MsgMng@@QAEHPAUHWND__@@PAUConnectInfo@@@Z 00462540 f   Msgmng.obj
 0002:0001e5a0       ?ConnectDone@MsgMng@@QAEHPAUHWND__@@PAUConnectInfo@@@Z 004625a0 f   Msgmng.obj
 0002:0001e600       ??0TRecvDlg@@QAE@PAVMsgMng@@PAUMsgBuf@@PAVTHosts@@PAUCfg@@PAVLogMng@@@Z 00462600 f   Recvdlg.obj
 0002:0001e9b0       ?Init@MsgBuf@@QAEXPAU1@@Z  004629b0 f i Recvdlg.obj
 0002:0001ea80       ?IsClosable@TRecvDlg@@UAEHXZ 00462a80 f i Recvdlg.obj
 0002:0001eae0       ??_ETRecvDlg@@UAEPAXI@Z    00462ae0 f i Recvdlg.obj
 0002:0001eae0       ??_GTRecvDlg@@UAEPAXI@Z    00462ae0 f i Recvdlg.obj
 0002:0001eb30       ??0RecvFileObj@@QAE@XZ     00462b30 f i Recvdlg.obj
 0002:0001eb60       ??0FileInfo@@QAE@H@Z       00462b60 f i Recvdlg.obj
 0002:0001ebd0       ??1TRecvDlg@@UAE@XZ        00462bd0 f   Recvdlg.obj
 0002:0001ed90       ??_GRecvFileObj@@QAEPAXI@Z 00462d90 f i Recvdlg.obj
 0002:0001ede0       ??1RecvFileObj@@QAE@XZ     00462de0 f i Recvdlg.obj
 0002:0001ee10       ??1FileInfo@@QAE@XZ        00462e10 f i Recvdlg.obj
 0002:0001ee50       ?DecryptMsg@TRecvDlg@@IAEHXZ 00462e50 f   Recvdlg.obj
 0002:0001f310       ?EvCreate@TRecvDlg@@UAEHJ@Z 00463310 f   Recvdlg.obj
 0002:0001f940       ?EvCommand@TRecvDlg@@UAEHGGJ@Z 00463940 f   Recvdlg.obj
 0002:00020560       ??1TSaveCommonDlg@@UAE@XZ  00464560 f i Recvdlg.obj
 0002:00020590       ?SaveFile@TRecvDlg@@IAEHXZ 00464590 f   Recvdlg.obj
 0002:000207c0       ?Attr@FileInfo@@QAEIXZ     004647c0 f i Recvdlg.obj
 0002:000207e0       ?IsSelected@FileInfo@@QAEHXZ 004647e0 f i Recvdlg.obj
 0002:00020800       ?EvSysCommand@TRecvDlg@@UAEHIUtagPOINTS@@@Z 00464800 f   Recvdlg.obj
 0002:000208a0       ?EventUser@TRecvDlg@@UAEHIIJ@Z 004648a0 f   Recvdlg.obj
 0002:00020910       ?EvTimer@TRecvDlg@@UAEHIP6GXPAUHWND__@@IIK@Z@Z 00464910 f   Recvdlg.obj
 0002:00020a20       ?EvSize@TRecvDlg@@UAEHIGG@Z 00464a20 f   Recvdlg.obj
 0002:00021170       ?EvGetMinMaxInfo@TRecvDlg@@UAEHPAUtagMINMAXINFO@@@Z 00465170 f   Recvdlg.obj
 0002:000211f0       ?EvContextMenu@TRecvDlg@@UAEHPAUHWND__@@UtagPOINTS@@@Z 004651f0 f   Recvdlg.obj
 0002:00021220       ?IsSamePacket@TRecvDlg@@UAEHPAUMsgBuf@@@Z 00465220 f   Recvdlg.obj
 0002:00021290       ?SetFont@TRecvDlg@@IAEXXZ  00465290 f   Recvdlg.obj
 0002:000214d0       ?SetSize@TRecvDlg@@IAEXXZ  004654d0 f   Recvdlg.obj
 0002:00021950       ?EventInitMenu@TRecvDlg@@UAEHIPAUHMENU__@@IH@Z 00465950 f   Recvdlg.obj
 0002:000219d0       ?EventCtlColor@TRecvDlg@@UAEHIPAUHDC__@@PAUHWND__@@PAPAUHBRUSH__@@@Z 004659d0 f   Recvdlg.obj
 0002:000219f0       ?EventButton@TRecvDlg@@UAEHIHUtagPOINTS@@@Z 004659f0 f   Recvdlg.obj
 0002:00021a60       ?PopupContextMenu@TRecvDlg@@IAEXUtagPOINTS@@@Z 00465a60 f   Recvdlg.obj
 0002:00021ad0       ?SetMainMenu@TRecvDlg@@IAEXPAUHMENU__@@@Z 00465ad0 f   Recvdlg.obj
 0002:00021b60       ?SendFinishNotify@TRecvDlg@@UAEHPAUHostSub@@K@Z 00465b60 f   Recvdlg.obj
 0002:00021c30       ?Show@TRecvDlg@@UAEXH@Z    00465c30 f   Recvdlg.obj
 0002:00021c80       ?TcpEvent@TRecvDlg@@IAEHIJ@Z 00465c80 f   Recvdlg.obj
 0002:00021d20       ?ConnectRecvFile@TRecvDlg@@IAEHXZ 00465d20 f   Recvdlg.obj
 0002:00021df0       ?StartRecvFile@TRecvDlg@@IAEHXZ 00465df0 f   Recvdlg.obj
 0002:000221b0       ?Id@FileInfo@@QAEHXZ       004661b0 f i Recvdlg.obj
 0002:000221d0       ?Size@FileInfo@@QAE_JXZ    004661d0 f i Recvdlg.obj
 0002:00022200       ??4FileInfo@@QAEAAV0@ABV0@@Z 00466200 f i Recvdlg.obj
 0002:000222c0       ?SetFname@FileInfo@@QAEXPBD@Z 004662c0 f i Recvdlg.obj
 0002:00022310       ?RecvFileThread@TRecvDlg@@KGKPAX@Z 00466310 f   Recvdlg.obj
 0002:00022610       ?CloseRecvFile@TRecvDlg@@IAEHH@Z 00466610 f   Recvdlg.obj
 0002:000227b0       ?Mtime@FileInfo@@QAE_JXZ   004667b0 f i Recvdlg.obj
 0002:000227e0       ?UnixTime2FileTime@@YAX_JPAU_FILETIME@@@Z 004667e0 f i Recvdlg.obj
 0002:00022830       ?DecodeDirEntry@@YAHPADPAVFileInfo@@@Z 00466830 f   Recvdlg.obj
 0002:00022a30       ?SetFnameExt@FileInfo@@QAEXPBD@Z 00466a30 f i Recvdlg.obj
 0002:00022a60       ?SetSize@FileInfo@@QAEX_J@Z 00466a60 f i Recvdlg.obj
 0002:00022a90       ?SetMtime@FileInfo@@QAEX_J@Z 00466a90 f i Recvdlg.obj
 0002:00022ac0       ?SetAttr@FileInfo@@QAEXI@Z 00466ac0 f i Recvdlg.obj
 0002:00022af0       ?RecvDirFile@TRecvDlg@@IAEHXZ 00466af0 f   Recvdlg.obj
 0002:00023390       ?OpenRecvFile@TRecvDlg@@IAEHXZ 00467390 f   Recvdlg.obj
 0002:000235b0       ?RecvFile@TRecvDlg@@IAEHXZ 004675b0 f   Recvdlg.obj
 0002:00023910       ?MakeTransRateStr@@YAHPADK_J1@Z 00467910 f   Recvdlg.obj
 0002:00023aa0       ?MakeDirTransRateStr@@YAHPADK_JH@Z 00467aa0 f   Recvdlg.obj
 0002:00023bd0       ?EvCreate@RecvTransEndDlg@@UAEHJ@Z 00467bd0 f   Recvdlg.obj
 0002:00023ff0       ?EvCommand@RecvTransEndDlg@@UAEHGGJ@Z 00467ff0 f   Recvdlg.obj
 0002:000240a0       ?EndRecvFile@TRecvDlg@@IAEHH@Z 004680a0 f   Recvdlg.obj
 0002:00024570       ??0RecvTransEndDlg@@QAE@PAURecvFileObj@@PAVTWin@@@Z 00468570 f i Recvdlg.obj
 0002:000245d0       ??_GRecvTransEndDlg@@UAEPAXI@Z 004685d0 f i Recvdlg.obj
 0002:000245d0       ??_ERecvTransEndDlg@@UAEPAXI@Z 004685d0 f i Recvdlg.obj
 0002:00024620       ??1RecvTransEndDlg@@UAE@XZ 00468620 f i Recvdlg.obj
 0002:00024650       ?SetTransferButtonText@TRecvDlg@@IAEXXZ 00468650 f   Recvdlg.obj
 0002:00024810       ??0TSendDlg@@QAE@PAVMsgMng@@PAVShareMng@@PAVTHosts@@PAUCfg@@PAVLogMng@@PAUHWND__@@PAUMsgBuf@@@Z 00468810 f   Senddlg.obj
 0002:00024ae0       ??_GTSendDlg@@UAEPAXI@Z    00468ae0 f i Senddlg.obj
 0002:00024ae0       ??_ETSendDlg@@UAEPAXI@Z    00468ae0 f i Senddlg.obj
 0002:00024b30       ??1TSendDlg@@UAE@XZ        00468b30 f   Senddlg.obj
 0002:00024d20       ??_ESendEntry@@QAEPAXI@Z   00468d20 f i Senddlg.obj
 0002:00024db0       ??1SendEntry@@QAE@XZ       00468db0 f i Senddlg.obj
 0002:00024e40       ?EvCreate@TSendDlg@@UAEHJ@Z 00468e40 f   Senddlg.obj
 0002:00025230       ?InitializeHeader@TSendDlg@@IAEXXZ 00469230 f   Senddlg.obj
 0002:00025630       ?EvCommand@TSendDlg@@UAEHGGJ@Z 00469630 f   Senddlg.obj
 0002:00026c90       ?GetOrder@TSendDlg@@IAEXXZ 0046ac90 f   Senddlg.obj
 0002:00026dc0       ?EvSysCommand@TSendDlg@@UAEHIUtagPOINTS@@@Z 0046adc0 f   Senddlg.obj
 0002:00026e60       ?EventInitMenu@TSendDlg@@UAEHIPAUHMENU__@@IH@Z 0046ae60 f   Senddlg.obj
 0002:00026ee0       ?EventCtlColor@TSendDlg@@UAEHIPAUHDC__@@PAUHWND__@@PAPAUHBRUSH__@@@Z 0046aee0 f   Senddlg.obj
 0002:00026f00       ?EvMenuSelect@TSendDlg@@UAEHIIPAUHMENU__@@@Z 0046af00 f   Senddlg.obj
 0002:00026f70       ?EvDropFiles@TSendDlg@@UAEHPAUHDROP__@@@Z 0046af70 f   Senddlg.obj
 0002:000270f0       ?GetListItemStr@TSendDlg@@IAEPADPAUHost@@H@Z 0046b0f0 f   Senddlg.obj
 0002:00027280       ?EvNotify@TSendDlg@@UAEHIPAUtagNMHDR@@@Z 0046b280 f   Senddlg.obj
 0002:00027410       ?EvMouseMove@TSendDlg@@UAEHIUtagPOINTS@@@Z 0046b410 f   Senddlg.obj
 0002:00027570       ?EventButton@TSendDlg@@UAEHIHUtagPOINTS@@@Z 0046b570 f   Senddlg.obj
 0002:000275e0       ?EvSize@TSendDlg@@UAEHIGG@Z 0046b5e0 f   Senddlg.obj
 0002:00027da0       ?EvGetMinMaxInfo@TSendDlg@@UAEHPAUtagMINMAXINFO@@@Z 0046bda0 f   Senddlg.obj
 0002:00027e60       ?EvContextMenu@TSendDlg@@UAEHPAUHWND__@@UtagPOINTS@@@Z 0046be60 f   Senddlg.obj
 0002:00027e90       ?EvMeasureItem@TSendDlg@@UAEHIPAUtagMEASUREITEMSTRUCT@@@Z 0046be90 f   Senddlg.obj
 0002:00027eb0       ?EvDrawItem@TSendDlg@@UAEHIPAUtagDRAWITEMSTRUCT@@@Z 0046beb0 f   Senddlg.obj
 0002:00027ed0       ?EventUser@TSendDlg@@UAEHIIJ@Z 0046bed0 f   Senddlg.obj
 0002:00027fc0       ?EvTimer@TSendDlg@@UAEHIP6GXPAUHWND__@@IIK@Z@Z 0046bfc0 f   Senddlg.obj
 0002:00028280       ?Host@SendEntry@@QAEPAU0@XZ 0046c280 f i Senddlg.obj
 0002:000282a0       ?Status@SendEntry@@QAE?AW4SendStatus@@XZ 0046c2a0 f i Senddlg.obj
 0002:000282c0       ?Show@TSendDlg@@UAEXH@Z    0046c2c0 f   Senddlg.obj
 0002:00028310       ?SetQuoteStr@TSendDlg@@IAEXPADPBD@Z 0046c310 f   Senddlg.obj
 0002:00028470       ?AddHost@TSendDlg@@QAEXPAUHost@@@Z 0046c470 f   Senddlg.obj
 0002:00028710       ?ModifyHost@TSendDlg@@QAEXPAUHost@@@Z 0046c710 f   Senddlg.obj
 0002:00028750       ?DelHost@TSendDlg@@QAEXPAUHost@@@Z 0046c750 f   Senddlg.obj
 0002:000288b0       ?DelAllHost@TSendDlg@@QAEXXZ 0046c8b0 f   Senddlg.obj
 0002:00028940       ?GetInsertIndexPoint@TSendDlg@@IAEIPAUHost@@@Z 0046c940 f   Senddlg.obj
 0002:00028a00       ?CompareHosts@TSendDlg@@IAEHPAUHost@@0@Z 0046ca00 f   Senddlg.obj
 0002:00028dc0       ?GroupCompare@TSendDlg@@IAEHPAUHost@@0@Z 0046cdc0 f   Senddlg.obj
 0002:00028f70       ?SubCompare@TSendDlg@@IAEHPAUHost@@0@Z 0046cf70 f   Senddlg.obj
 0002:000291c0       ?SelectHost@TSendDlg@@IAEXPAUHostSub@@H@Z 0046d1c0 f   Senddlg.obj
 0002:00029370       ?SetFocusIndex@TListViewEx@@QAEXH@Z 0046d370 f i Senddlg.obj
 0002:000293a0       ?DisplayMemberCnt@TSendDlg@@IAEXXZ 0046d3a0 f   Senddlg.obj
 0002:00029430       ?SendMsg@TSendDlg@@IAEHXZ  0046d430 f   Senddlg.obj
 0002:00029c20       ??0SendEntry@@QAE@XZ       0046dc20 f i Senddlg.obj
 0002:00029c60       ?SetHost@SendEntry@@QAEXPAUHost@@@Z 0046dc60 f i Senddlg.obj
 0002:00029c90       ?SetStatus@SendEntry@@QAEXW4SendStatus@@@Z 0046dc90 f i Senddlg.obj
 0002:00029cc0       ?SetCommand@SendEntry@@QAEXI@Z 0046dcc0 f i Senddlg.obj
 0002:00029cf0       ?MakeEncryptPacket@TSendDlg@@IAEHPAVSendEntry@@@Z 0046dcf0 f   Senddlg.obj
 0002:00029e40       ?SetMsg@SendEntry@@QAEXPADH@Z 0046de40 f i Senddlg.obj
 0002:00029ea0       ?Command@SendEntry@@QAEIXZ 0046dea0 f i Senddlg.obj
 0002:00029ec0       ?MakeEncryptMsg@TSendDlg@@IAEHPAUHost@@PAD1@Z 0046dec0 f   Senddlg.obj
 0002:0002a460       ?SendMsgSub@TSendDlg@@IAEHXZ 0046e460 f   Senddlg.obj
 0002:0002a7c0       ?Msg@SendEntry@@QAEPBDXZ   0046e7c0 f i Senddlg.obj
 0002:0002a7e0       ?MsgLen@SendEntry@@QAEHXZ  0046e7e0 f i Senddlg.obj
 0002:0002a800       ?FindHost@TSendDlg@@QAEHPADH@Z 0046e800 f   Senddlg.obj
 0002:0002aa40       ?GetFocusIndex@TListViewEx@@QAEHXZ 0046ea40 f i Senddlg.obj
 0002:0002aa60       ?strtoupper@@YAPADPADPBD@Z 0046ea60 f i Senddlg.obj
 0002:0002ab20       ?SendFinishNotify@TSendDlg@@QAEHPAUHostSub@@K@Z 0046eb20 f   Senddlg.obj
 0002:0002aca0       ?SendPubKeyNotify@TSendDlg@@QAEHPAUHostSub@@PAEHHH@Z 0046eca0 f   Senddlg.obj
 0002:0002ae50       ?Set@PubKey@@QAEXPAEHHH@Z  0046ee50 f i Senddlg.obj
 0002:0002aed0       ?IsSending@TSendDlg@@QAEHXZ 0046eed0 f   Senddlg.obj
 0002:0002af00       ?IsSendFinish@TSendDlg@@IAEHXZ 0046ef00 f   Senddlg.obj
 0002:0002af80       ?SetFont@TSendDlg@@IAEXXZ  0046ef80 f   Senddlg.obj
 0002:0002b3b0       ?SetSize@TSendDlg@@IAEXXZ  0046f3b0 f   Senddlg.obj
 0002:0002b830       ?PopupContextMenu@TSendDlg@@IAEXUtagPOINTS@@@Z 0046f830 f   Senddlg.obj
 0002:0002bd80       ?SetMainMenu@TSendDlg@@IAEXPAUHMENU__@@@Z 0046fd80 f   Senddlg.obj
 0002:0002bea0       ?SetFileButton@@YAHPAVTDlg@@HPAUShareInfo@@@Z 0046fea0 f   Senddlg.obj
 0002:0002c0a0       ?ResId@TDlg@@QAEIXZ        004700a0 f i Senddlg.obj
 0002:0002c0c0       ??0TSetupDlg@@QAE@PAUCfg@@PAVTHosts@@PAVTWin@@@Z 004700c0 f   Setupdlg.obj
 0002:0002c120       ??_GTSetupDlg@@UAEPAXI@Z   00470120 f i Setupdlg.obj
 0002:0002c120       ??_ETSetupDlg@@UAEPAXI@Z   00470120 f i Setupdlg.obj
 0002:0002c170       ??1TSetupDlg@@UAE@XZ       00470170 f   Setupdlg.obj
 0002:0002c1a0       ?EvCreate@TSetupDlg@@UAEHJ@Z 004701a0 f   Setupdlg.obj
 0002:0002c350       ?EvCommand@TSetupDlg@@UAEHGGJ@Z 00470350 f   Setupdlg.obj
 0002:0002c970       ?SetData@TSetupDlg@@IAEXXZ 00470970 f   Setupdlg.obj
 0002:0002cc40       ?GetData@TSetupDlg@@IAEXXZ 00470c40 f   Setupdlg.obj
 0002:0002ceb0       ??0ShareMng@@QAE@PAUCfg@@@Z 00470eb0 f   share.obj
 0002:0002cf20       ?CreateShare@ShareMng@@QAEPAUShareInfo@@H@Z 00470f20 f   share.obj
 0002:0002d000       ?AddFileShare@ShareMng@@QAEHPAUShareInfo@@PAD@Z 00471000 f   share.obj
 0002:0002d190       ?DelFileShare@ShareMng@@QAEHPAUShareInfo@@H@Z 00471190 f   share.obj
 0002:0002d230       ?SetFileInfo@ShareMng@@IAEHPADPAVFileInfo@@@Z 00471230 f   share.obj
 0002:0002d3e0       ?AddHostShare@ShareMng@@QAEHPAUShareInfo@@PAVSendEntry@@H@Z 004713e0 f   share.obj
 0002:0002d680       ?GetHostByNameAddr@THosts@@QAEPAUHost@@PAUHostSub@@@Z 00471680 f i share.obj
 0002:0002d6d0       ?GetFileInfoNo@ShareMng@@SAHPAUShareInfo@@PAVFileInfo@@@Z 004716d0 f   share.obj
 0002:0002d730       ?EndHostShare@ShareMng@@QAEHHPAUHostSub@@PAVFileInfo@@H@Z 00471730 f   share.obj
 0002:0002da10       ?IsSameHostEx@@YAHPAUHostSub@@0@Z 00471a10 f i share.obj
 0002:0002da80       ?DestroyShare@ShareMng@@QAEXPAUShareInfo@@@Z 00471a80 f   share.obj
 0002:0002dc30       ??_GFileInfo@@QAEPAXI@Z    00471c30 f i share.obj
 0002:0002dc80       ?Search@ShareMng@@QAEPAUShareInfo@@H@Z 00471c80 f   share.obj
 0002:0002dce0       ?GetShareCntInfo@ShareMng@@QAEHPAUShareCntInfo@@PAUShareInfo@@@Z 00471ce0 f   share.obj
 0002:0002ded0       ?GetAcceptableFileInfo@ShareMng@@QAEHPAUConnectInfo@@PADPAUAcceptFileInfo@@@Z 00471ed0 f   share.obj
 0002:0002e3a0       ??0TShareDlg@@QAE@PAVShareMng@@PAUShareInfo@@PAUCfg@@PAVTWin@@@Z 004723a0 f   share.obj
 0002:0002e460       ??_GTShareDlg@@UAEPAXI@Z   00472460 f i share.obj
 0002:0002e460       ??_ETShareDlg@@UAEPAXI@Z   00472460 f i share.obj
 0002:0002e4b0       ??1TShareDlg@@UAE@XZ       004724b0 f   share.obj
 0002:0002e560       ?EvCreate@TShareDlg@@UAEHJ@Z 00472560 f   share.obj
 0002:0002e8e0       ?AddList@TShareDlg@@AAEHH@Z 004728e0 f   share.obj
 0002:0002e960       ?DelList@TShareDlg@@AAEHH@Z 00472960 f   share.obj
 0002:0002e9d0       ?EvNotify@TShareDlg@@UAEHIPAUtagNMHDR@@@Z 004729d0 f   share.obj
 0002:0002eb20       ?EvDropFiles@TShareDlg@@UAEHPAUHDROP__@@@Z 00472b20 f   share.obj
 0002:0002ebb0       ?EvCommand@TShareDlg@@UAEHGGJ@Z 00472bb0 f   share.obj
 0002:0002ede0       ?FileAddDlg@TShareDlg@@SAHPAVTDlg@@PAVShareMng@@PAUShareInfo@@PAUCfg@@@Z 00472de0 f   share.obj
 0002:0002ef90       ??0TShareStatDlg@@QAE@PAVShareMng@@PAUCfg@@PAVTWin@@@Z 00472f90 f   share.obj
 0002:0002f060       ?RegistShareStatDlg@ShareMng@@QAEXPAVTShareStatDlg@@@Z 00473060 f i share.obj
 0002:0002f090       ??_GTShareStatDlg@@UAEPAXI@Z 00473090 f i share.obj
 0002:0002f090       ??_ETShareStatDlg@@UAEPAXI@Z 00473090 f i share.obj
 0002:0002f0e0       ??1TShareStatDlg@@UAE@XZ   004730e0 f   share.obj
 0002:0002f190       ?EvCreate@TShareStatDlg@@UAEHJ@Z 00473190 f   share.obj
 0002:0002f560       ?Refresh@TShareStatDlg@@UAEHXZ 00473560 f   share.obj
 0002:0002f5a0       ?SetAllList@TShareStatDlg@@AAEHXZ 004735a0 f   share.obj
 0002:0002f6a0       ?DelList@TShareStatDlg@@AAEHH@Z 004736a0 f   share.obj
 0002:0002f7c0       ?EvNotify@TShareStatDlg@@UAEHIPAUtagNMHDR@@@Z 004737c0 f   share.obj
 0002:0002fbb0       ?EvCommand@TShareStatDlg@@UAEHGGJ@Z 00473bb0 f   share.obj
 0002:0002fd40       ??0TSaveCommonDlg@@QAE@PAUShareInfo@@PAUCfg@@PAVTWin@@@Z 00473d40 f   share.obj
 0002:0002fe40       ?SetSelected@FileInfo@@QAEXH@Z 00473e40 f i share.obj
 0002:0002fe70       ?EndDialog@TSaveCommonDlg@@UAEXH@Z 00473e70 f i share.obj
 0002:0002fe90       ??_GTSaveCommonDlg@@UAEPAXI@Z 00473e90 f i share.obj
 0002:0002fe90       ??_ETSaveCommonDlg@@UAEPAXI@Z 00473e90 f i share.obj
 0002:0002fee0       ?Exec@TSaveCommonDlg@@UAEHXZ 00473ee0 f   share.obj
 0002:00030320       ?EvCreate@TSaveCommonDlg@@UAEHJ@Z 00474320 f   share.obj
 0002:00030710       ?EvCommand@TSaveCommonDlg@@UAEHGGJ@Z 00474710 f   share.obj
 0002:00030860       ?EventUser@TSaveCommonDlg@@UAEHIIJ@Z 00474860 f   share.obj
 0002:00030880       ?SetInfo@TSaveCommonDlg@@IAEHXZ 00474880 f   share.obj
 0002:00030b00       ?EncodeShareMsg@@YAHPAUShareInfo@@PADH@Z 00474b00 f   share.obj
 0002:00030d40       ?SetId@FileInfo@@QAEXH@Z   00474d40 f i share.obj
 0002:00030d70       ?ConvertShareMsgEscape@@YAXPAD@Z 00474d70 f   share.obj
 0002:00030df0       ?DecodeShareMsg@@YAPAUShareInfo@@PAD@Z 00474df0 f   share.obj
 0002:00031260       ?FreeDecodeShareMsg@@YAHPAUShareInfo@@@Z 00475260 f   share.obj
 0002:00031310       ?FreeDecodeShareMsgFile@@YAHPAUShareInfo@@H@Z 00475310 f   share.obj
 0002:000313d0       ??0ShareInfo@@QAE@H@Z      004753d0 f   share.obj
 0002:00031440       ?LinkList@ShareInfo@@QAEXPAU1@@Z 00475440 f   share.obj
 0002:00031490       ?GetFileInfomation@@YAHPBDPAU_WIN32_FIND_DATAA@@@Z 00475490 f   share.obj
 0002:000315a0       ??0TApp@@QAE@PAUHINSTANCE__@@PADH@Z 004755a0 f   Tapp.obj
 0002:00031620       ??_GTApp@@UAEPAXI@Z        00475620 f i Tapp.obj
 0002:00031620       ??_ETApp@@UAEPAXI@Z        00475620 f i Tapp.obj
 0002:00031670       ??1TApp@@UAE@XZ            00475670 f   Tapp.obj
 0002:000316f0       ?Run@TApp@@UAEHXZ          004756f0 f   Tapp.obj
 0002:00031780       ?PreProcMsg@TApp@@SAHPAUtagMSG@@@Z 00475780 f   Tapp.obj
 0002:00031800       ?WinProc@TApp@@SGJPAUHWND__@@IIJ@Z 00475800 f   Tapp.obj
 0002:000318d0       ?AddWin@TApp@@SAXPAVTWin@@@Z 004758d0 f   Tapp.obj
 0002:000318f0       ?AddWinByWnd@TApp@@SAXPAVTWin@@PAUHWND__@@@Z 004758f0 f   Tapp.obj
 0002:00031920       ?AddWinSub@TApp@@KAXPAVTWin@@@Z 00475920 f   Tapp.obj
 0002:000319e0       ?DelWin@TApp@@SAXPAVTWin@@@Z 004759e0 f   Tapp.obj
 0002:00031a80       ?InitApp@TApp@@MAEHXZ      00475a80 f   Tapp.obj
 0002:00031b50       ?SearchWnd@TApp@@KAPAVTWin@@PAUHWND__@@@Z 00475b50 f   Tapp.obj
 0002:00031bc0       ?SearchWndIndex@TApp@@KAHPAVTWin@@PAH@Z 00475bc0 f   Tapp.obj
 0002:00031c30       ?LoadCtl3d@@YAPAUHINSTANCE__@@XZ 00475c30 f   Tapp.obj
 0002:00031ce0       ??0TDlg@@QAE@PADPAVTWin@@@Z 00475ce0 f   Tdlg.obj
 0002:00031d50       ??_ETDlg@@UAEPAXI@Z        00475d50 f i Tdlg.obj
 0002:00031d50       ??_GTDlg@@UAEPAXI@Z        00475d50 f i Tdlg.obj
 0002:00031da0       ??0TDlg@@QAE@IPAVTWin@@@Z  00475da0 f   Tdlg.obj
 0002:00031e00       ??1TDlg@@UAE@XZ            00475e00 f   Tdlg.obj
 0002:00031eb0       ?Create@TDlg@@UAEHPAUHINSTANCE__@@@Z 00475eb0 f   Tdlg.obj
 0002:00031f90       ?Exec@TDlg@@UAEHXZ         00475f90 f   Tdlg.obj
 0002:00032050       ?Destroy@TDlg@@UAEXXZ      00476050 f   Tdlg.obj
 0002:00032080       ?WinProc@TDlg@@UAEJIIJ@Z   00476080 f   Tdlg.obj
 0002:000327c0       ?PreProcMsg@TDlg@@UAEHPAUtagMSG@@@Z 004767c0 f   Tdlg.obj
 0002:00032840       ?EvSysCommand@TDlg@@UAEHIUtagPOINTS@@@Z 00476840 f   Tdlg.obj
 0002:00032860       ?EvCommand@TDlg@@UAEHGGJ@Z 00476860 f   Tdlg.obj
 0002:00032910       ?EvQueryOpen@TDlg@@UAEHXZ  00476910 f   Tdlg.obj
 0002:00032930       ?EvCreate@TDlg@@UAEHJ@Z    00476930 f   Tdlg.obj
 0002:00032950       ?EndDialog@TDlg@@UAEXH@Z   00476950 f   Tdlg.obj
 0002:000329c0       ??0TList@@QAE@XZ           004769c0 f   Tlist.obj
 0002:00032a10       ?AddObj@TList@@UAEXPAUTListObj@@@Z 00476a10 f   Tlist.obj
 0002:00032a70       ?DelObj@TList@@SAXPAUTListObj@@@Z 00476a70 f   Tlist.obj
 0002:00032ae0       ?TopObj@TList@@UAEPAUTListObj@@XZ 00476ae0 f   Tlist.obj
 0002:00032b30       ?NextObj@TList@@UAEPAUTListObj@@PAU2@@Z 00476b30 f   Tlist.obj
 0002:00032b80       ??0TRecycleList@@QAE@HH@Z  00476b80 f   Tlist.obj
 0002:00032c50       ??_H@YGXPAXIHP6EPAX0@Z@Z   00476c50 f i Tlist.obj
 0002:00032c90       ??1TRecycleList@@QAE@XZ    00476c90 f   Tlist.obj
 0002:00032cc0       ?GetObj@TRecycleList@@QAEPAUTListObj@@H@Z 00476cc0 f   Tlist.obj
 0002:00032d20       ?PutObj@TRecycleList@@QAEXHPAUTListObj@@@Z 00476d20 f   Tlist.obj
 0002:00032d70       ??0TRegistry@@QAE@PBDPAD@Z 00476d70 f   Tregist.obj
 0002:00032db0       ??0TRegistry@@QAE@PAUHKEY__@@@Z 00476db0 f   Tregist.obj
 0002:00032df0       ??1TRegistry@@QAE@XZ       00476df0 f   Tregist.obj
 0002:00032e20       ?ChangeApp@TRegistry@@QAEHPBDPAD@Z 00476e20 f   Tregist.obj
 0002:00032ef0       ?ChangeTopKey@TRegistry@@QAEXPAUHKEY__@@@Z 00476ef0 f   Tregist.obj
 0002:00032f30       ?OpenKey@TRegistry@@QAEHPBDH@Z 00476f30 f   Tregist.obj
 0002:00033030       ?CloseKey@TRegistry@@QAEHXZ 00477030 f   Tregist.obj
 0002:00033090       ?GetInt@TRegistry@@QAEHPBDPAH@Z 00477090 f   Tregist.obj
 0002:000330e0       ?SetInt@TRegistry@@QAEHPBDH@Z 004770e0 f   Tregist.obj
 0002:00033110       ?GetLong@TRegistry@@QAEHPBDPAJ@Z 00477110 f   Tregist.obj
 0002:000331f0       ?SetLong@TRegistry@@QAEHPBDJ@Z 004771f0 f   Tregist.obj
 0002:00033240       ?GetStr@TRegistry@@QAEHPBDPADH@Z 00477240 f   Tregist.obj
 0002:000332e0       ?SetStr@TRegistry@@QAEHPBD0@Z 004772e0 f   Tregist.obj
 0002:00033340       ?GetByte@TRegistry@@QAEHPBDPAEPAH@Z 00477340 f   Tregist.obj
 0002:000333a0       ?SetByte@TRegistry@@QAEHPBDPBEH@Z 004773a0 f   Tregist.obj
 0002:000333f0       ?DeleteKey@TRegistry@@QAEHPBD@Z 004773f0 f   Tregist.obj
 0002:00033440       ?DeleteValue@TRegistry@@QAEHPBD@Z 00477440 f   Tregist.obj
 0002:00033490       ?EnumKey@TRegistry@@QAEHKPADH@Z 00477490 f   Tregist.obj
 0002:000334f0       ?EnumValue@TRegistry@@QAEHKPADHPAK@Z 004774f0 f   Tregist.obj
 0002:00033550       ?DeleteChildTree@TRegistry@@QAEHPAD@Z 00477550 f   Tregist.obj
 0002:00033670       ??0TWin@@QAE@PAV0@@Z       00477670 f   Twin.obj
 0002:00033700       ??_ETWin@@UAEPAXI@Z        00477700 f i Twin.obj
 0002:00033700       ??_GTWin@@UAEPAXI@Z        00477700 f i Twin.obj
 0002:00033750       ??1TWin@@UAE@XZ            00477750 f   Twin.obj
 0002:00033780       ?Create@TWin@@UAEHPBD0KKPAUHMENU__@@@Z 00477780 f   Twin.obj
 0002:00033870       ?Destroy@TWin@@UAEXXZ      00477870 f   Twin.obj
 0002:000338c0       ?Show@TWin@@UAEXH@Z        004778c0 f   Twin.obj
 0002:00033900       ?WinProc@TWin@@UAEJIIJ@Z   00477900 f   Twin.obj
 0002:00034130       ?DefWindowProcA@TWin@@UAEJIIJ@Z 00478130 f   Twin.obj
 0002:00034170       ?PreProcMsg@TWin@@UAEHPAUtagMSG@@@Z 00478170 f   Twin.obj
 0002:000341c0       ?EvCommand@TWin@@UAEHGGJ@Z 004781c0 f   Twin.obj
 0002:000341e0       ?EvSysCommand@TWin@@UAEHIUtagPOINTS@@@Z 004781e0 f   Twin.obj
 0002:00034200       ?EvCreate@TWin@@UAEHJ@Z    00478200 f   Twin.obj
 0002:00034220       ?EvClose@TWin@@UAEHXZ      00478220 f   Twin.obj
 0002:00034240       ?EvMeasureItem@TWin@@UAEHIPAUtagMEASUREITEMSTRUCT@@@Z 00478240 f   Twin.obj
 0002:00034260       ?EvDrawItem@TWin@@UAEHIPAUtagDRAWITEMSTRUCT@@@Z 00478260 f   Twin.obj
 0002:00034280       ?EvNcDestroy@TWin@@UAEHXZ  00478280 f   Twin.obj
 0002:000342a0       ?EvTimer@TWin@@UAEHIP6GXPAUHWND__@@IIK@Z@Z 004782a0 f   Twin.obj
 0002:000342c0       ?Sleep@TWin@@UAEHI@Z       004782c0 f   Twin.obj
 0002:000343c0       ?EvQueryEndSession@TWin@@UAEHHH@Z 004783c0 f   Twin.obj
 0002:000343e0       ?EvEndSession@TWin@@UAEHHH@Z 004783e0 f   Twin.obj
 0002:00034400       ?EvQueryOpen@TWin@@UAEHXZ  00478400 f   Twin.obj
 0002:00034420       ?EvPaint@TWin@@UAEHXZ      00478420 f   Twin.obj
 0002:00034440       ?EvNcPaint@TWin@@UAEHPAUHRGN__@@@Z 00478440 f   Twin.obj
 0002:00034460       ?EvSize@TWin@@UAEHIGG@Z    00478460 f   Twin.obj
 0002:00034480       ?EvGetMinMaxInfo@TWin@@UAEHPAUtagMINMAXINFO@@@Z 00478480 f   Twin.obj
 0002:000344a0       ?EvSetCursor@TWin@@UAEHPAUHWND__@@GG@Z 004784a0 f   Twin.obj
 0002:000344c0       ?EvMouseMove@TWin@@UAEHIUtagPOINTS@@@Z 004784c0 f   Twin.obj
 0002:000344e0       ?EvNcHitTest@TWin@@UAEHUtagPOINTS@@PAJ@Z 004784e0 f   Twin.obj
 0002:00034500       ?EvNotify@TWin@@UAEHIPAUtagNMHDR@@@Z 00478500 f   Twin.obj
 0002:00034520       ?EvContextMenu@TWin@@UAEHPAUHWND__@@UtagPOINTS@@@Z 00478520 f   Twin.obj
 0002:00034540       ?EvHotKey@TWin@@UAEHH@Z    00478540 f   Twin.obj
 0002:00034560       ?EventScroll@TWin@@UAEHIHHPAUHWND__@@@Z 00478560 f   Twin.obj
 0002:00034580       ?EventButton@TWin@@UAEHIHUtagPOINTS@@@Z 00478580 f   Twin.obj
 0002:000345a0       ?EventInitMenu@TWin@@UAEHIPAUHMENU__@@IH@Z 004785a0 f   Twin.obj
 0002:000345c0       ?EvMenuSelect@TWin@@UAEHIIPAUHMENU__@@@Z 004785c0 f   Twin.obj
 0002:000345e0       ?EvDropFiles@TWin@@UAEHPAUHDROP__@@@Z 004785e0 f   Twin.obj
 0002:00034600       ?EventCtlColor@TWin@@UAEHIPAUHDC__@@PAUHWND__@@PAPAUHBRUSH__@@@Z 00478600 f   Twin.obj
 0002:00034620       ?EventFocus@TWin@@UAEHIPAUHWND__@@@Z 00478620 f   Twin.obj
 0002:00034640       ?EventUser@TWin@@UAEHIIJ@Z 00478640 f   Twin.obj
 0002:00034660       ?GetDlgItemTextA@TWin@@UAEIHPADH@Z 00478660 f   Twin.obj
 0002:000346a0       ?SetDlgItemTextA@TWin@@UAEHHPAD@Z 004786a0 f   Twin.obj
 0002:000346e0       ?GetDlgItem@TWin@@UAEPAUHWND__@@H@Z 004786e0 f   Twin.obj
 0002:00034710       ?MessageBoxA@TWin@@UAEHPBD0I@Z 00478710 f   Twin.obj
 0002:00034750       ?BringWindowToTop@TWin@@UAEHXZ 00478750 f   Twin.obj
 0002:00034780       ?PostMessageA@TWin@@UAEHIIJ@Z 00478780 f   Twin.obj
 0002:000347c0       ?SendMessageA@TWin@@UAEJIIJ@Z 004787c0 f   Twin.obj
 0002:00034800       ?SendDlgItemMessageA@TWin@@UAEJHIIJ@Z 00478800 f   Twin.obj
 0002:00034840       ?GetWindowRect@TWin@@UAEHPAUtagRECT@@@Z 00478840 f   Twin.obj
 0002:00034870       ?SetForegroundWindow@TWin@@UAEHXZ 00478870 f   Twin.obj
 0002:000348a0       ?SetForceForegroundWindow@TWin@@UAEHXZ 004788a0 f   Twin.obj
 0002:00034980       ?SetActiveWindow@TWin@@UAEPAUHWND__@@XZ 00478980 f   Twin.obj
 0002:000349b0       ?SetWindowTextA@TWin@@UAEHPAD@Z 004789b0 f   Twin.obj
 0002:000349e0       ?SetWindowLongA@TWin@@UAEJHJ@Z 004789e0 f   Twin.obj
 0002:00034a20       ?SetWindowWord@TWin@@UAEGHG@Z 00478a20 f   Twin.obj
 0002:00034a60       ?GetWindowLongA@TWin@@UAEJH@Z 00478a60 f   Twin.obj
 0002:00034a90       ?GetWindowWord@TWin@@UAEGH@Z 00478a90 f   Twin.obj
 0002:00034ac0       ?MoveWindow@TWin@@UAEHHHHHH@Z 00478ac0 f   Twin.obj
 0002:00034b10       ?Idle@TWin@@UAEHXZ         00478b10 f   Twin.obj
 0002:00034b90       ??0TSubClass@@QAE@PAVTWin@@@Z 00478b90 f   Twin.obj
 0002:00034bd0       ??_ETSubClass@@UAEPAXI@Z   00478bd0 f i Twin.obj
 0002:00034bd0       ??_GTSubClass@@UAEPAXI@Z   00478bd0 f i Twin.obj
 0002:00034c20       ?CreateByWnd@TSubClass@@UAEHPAUHWND__@@@Z 00478c20 f   Twin.obj
 0002:00034c80       ?DefWindowProcA@TSubClass@@UAEJIIJ@Z 00478c80 f   Twin.obj
 0002:00034cd0       ??0TSubClassCtl@@QAE@PAVTWin@@@Z 00478cd0 f   Twin.obj
 0002:00034d10       ??_GTSubClassCtl@@UAEPAXI@Z 00478d10 f i Twin.obj
 0002:00034d10       ??_ETSubClassCtl@@UAEPAXI@Z 00478d10 f i Twin.obj
 0002:00034d60       ?PreProcMsg@TSubClassCtl@@UAEHPAUtagMSG@@@Z 00478d60 f   Twin.obj
 0002:00034dac       _PlaySoundA@12             00478dac f   winmm:WINMM.dll
 0002:00034db2       _ImageList_ReplaceIcon@12  00478db2 f   Comctl32:COMCTL32.dll
 0002:00034db8       _ImageList_Create@20       00478db8 f   Comctl32:COMCTL32.dll
 0002:00034dbe       _ImageList_Destroy@4       00478dbe f   Comctl32:COMCTL32.dll
 0002:00034dc4       _InitCommonControls@0      00478dc4 f   Comctl32:COMCTL32.dll
 0002:00034dca       _inet_ntoa@4               00478dca f   wsock32:WSOCK32.dll
 0002:00034dd0       _htons@4                   00478dd0 f   wsock32:WSOCK32.dll
 0002:00034dd6       _closesocket@4             00478dd6 f   wsock32:WSOCK32.dll
 0002:00034ddc       _recv@16                   00478ddc f   wsock32:WSOCK32.dll
 0002:00034de2       _select@20                 00478de2 f   wsock32:WSOCK32.dll
 0002:00034de8       _send@16                   00478de8 f   wsock32:WSOCK32.dll
 0002:00034dee       _inet_addr@4               00478dee f   wsock32:WSOCK32.dll
 0002:00034df4       _WSAGetLastError@0         00478df4 f   wsock32:WSOCK32.dll
 0002:00034dfa       _gethostbyname@4           00478dfa f   wsock32:WSOCK32.dll
 0002:00034e00       _gethostname@8             00478e00 f   wsock32:WSOCK32.dll
 0002:00034e06       _listen@8                  00478e06 f   wsock32:WSOCK32.dll
 0002:00034e0c       _setsockopt@20             00478e0c f   wsock32:WSOCK32.dll
 0002:00034e12       _ioctlsocket@12            00478e12 f   wsock32:WSOCK32.dll
 0002:00034e18       _bind@12                   00478e18 f   wsock32:WSOCK32.dll
 0002:00034e1e       _socket@12                 00478e1e f   wsock32:WSOCK32.dll
 0002:00034e24       _WSAStartup@8              00478e24 f   wsock32:WSOCK32.dll
 0002:00034e2a       _WSACleanup@0              00478e2a f   wsock32:WSOCK32.dll
 0002:00034e30       _WSAAsyncSelect@16         00478e30 f   wsock32:WSOCK32.dll
 0002:00034e36       _sendto@24                 00478e36 f   wsock32:WSOCK32.dll
 0002:00034e3c       _recvfrom@24               00478e3c f   wsock32:WSOCK32.dll
 0002:00034e42       _accept@12                 00478e42 f   wsock32:WSOCK32.dll
 0002:00034e48       _connect@12                00478e48 f   wsock32:WSOCK32.dll
 0002:00034e4e       _ntohl@4                   00478e4e f   wsock32:WSOCK32.dll
 0002:00034e54       _GetVersion@0              00478e54 f   kernel32:KERNEL32.dll
 0002:00034e5a       _CloseHandle@4             00478e5a f   kernel32:KERNEL32.dll
 0002:00034e60       _ReleaseMutex@4            00478e60 f   kernel32:KERNEL32.dll
 0002:00034e66       _WaitForSingleObject@8     00478e66 f   kernel32:KERNEL32.dll
 0002:00034e6c       _CreateMutexA@12           00478e6c f   kernel32:KERNEL32.dll
 0002:00034e72       _ExitProcess@4             00478e72 f   kernel32:KERNEL32.dll
 0002:00034e78       _GetDriveTypeA@4           00478e78 f   kernel32:KERNEL32.dll
 0002:00034e7e       _SetCurrentDirectoryA@4    00478e7e f   kernel32:KERNEL32.dll
 0002:00034e84       _GetWindowsDirectoryA@8    00478e84 f   kernel32:KERNEL32.dll
 0002:00034e8a       _GetCurrentDirectoryA@8    00478e8a f   kernel32:KERNEL32.dll
 0002:00034e90       _WriteFile@20              00478e90 f   kernel32:KERNEL32.dll
 0002:00034e96       _SetFilePointer@16         00478e96 f   kernel32:KERNEL32.dll
 0002:00034e9c       _CreateFileA@28            00478e9c f   kernel32:KERNEL32.dll
 0002:00034ea2       _GetFullPathNameA@16       00478ea2 f   kernel32:KERNEL32.dll
 0002:00034ea8       _CreateThread@24           00478ea8 f   kernel32:KERNEL32.dll
 0002:00034eae       _GetTickCount@0            00478eae f   kernel32:KERNEL32.dll
 0002:00034eb4       _IsBadReadPtr@8            00478eb4 f   kernel32:KERNEL32.dll
 0002:00034eba       _MapViewOfFile@20          00478eba f   kernel32:KERNEL32.dll
 0002:00034ec0       _CreateFileMappingA@24     00478ec0 f   kernel32:KERNEL32.dll
 0002:00034ec6       _GetFileSize@8             00478ec6 f   kernel32:KERNEL32.dll
 0002:00034ecc       _UnmapViewOfFile@4         00478ecc f   kernel32:KERNEL32.dll
 0002:00034ed2       _ExitThread@4              00478ed2 f   kernel32:KERNEL32.dll
 0002:00034ed8       _FindClose@4               00478ed8 f   kernel32:KERNEL32.dll
 0002:00034ede       _FindNextFileA@8           00478ede f   kernel32:KERNEL32.dll
 0002:00034ee4       _FindFirstFileA@8          00478ee4 f   kernel32:KERNEL32.dll
 0002:00034eea       _Sleep@4                   00478eea f   kernel32:KERNEL32.dll
 0002:00034ef0       _GetProcAddress@8          00478ef0 f   kernel32:KERNEL32.dll
 0002:00034ef6       _LoadLibraryA@4            00478ef6 f   kernel32:KERNEL32.dll
 0002:00034efc       _LocalFree@4               00478efc f   kernel32:KERNEL32.dll
 0002:00034f02       _GetLastError@0            00478f02 f   kernel32:KERNEL32.dll
 0002:00034f08       _IsDBCSLeadByte@4          00478f08 f   kernel32:KERNEL32.dll
 0002:00034f0e       _SystemTimeToFileTime@8    00478f0e f   kernel32:KERNEL32.dll
 0002:00034f14       _GetLocalTime@4            00478f14 f   kernel32:KERNEL32.dll
 0002:00034f1a       _GetComputerNameA@8        00478f1a f   kernel32:KERNEL32.dll
 0002:00034f20       _ResumeThread@4            00478f20 f   kernel32:KERNEL32.dll
 0002:00034f26       _SuspendThread@4           00478f26 f   kernel32:KERNEL32.dll
 0002:00034f2c       _SetFileTime@16            00478f2c f   kernel32:KERNEL32.dll
 0002:00034f32       _SetFileAttributesA@8      00478f32 f   kernel32:KERNEL32.dll
 0002:00034f38       _CreateDirectoryA@8        00478f38 f   kernel32:KERNEL32.dll
 0002:00034f3e       _GetFileAttributesA@4      00478f3e f   kernel32:KERNEL32.dll
 0002:00034f44       _GetSystemTime@4           00478f44 f   kernel32:KERNEL32.dll
 0002:00034f4a       _GetFileInformationByHandle@8 00478f4a f   kernel32:KERNEL32.dll
 0002:00034f50       _FreeLibrary@4             00478f50 f   kernel32:KERNEL32.dll
 0002:00034f56       _wsprintfA                 00478f56 f   user32:USER32.dll
 0002:00034f5c       _SetForegroundWindow@4     00478f5c f   user32:USER32.dll
 0002:00034f62       _RegisterClassA@4          00478f62 f   user32:USER32.dll
 0002:00034f68       _FindWindowA@8             00478f68 f   user32:USER32.dll
 0002:00034f6e       _LoadCursorA@8             00478f6e f   user32:USER32.dll
 0002:00034f74       _LoadIconA@8               00478f74 f   user32:USER32.dll
 0002:00034f7a       _MessageBoxA@16            00478f7a f   user32:USER32.dll
 0002:00034f80       _SendMessageA@16           00478f80 f   user32:USER32.dll
 0002:00034f86       _GetSystemMetrics@4        00478f86 f   user32:USER32.dll
 0002:00034f8c       _LoadAcceleratorsA@8       00478f8c f   user32:USER32.dll
 0002:00034f92       _RegisterWindowMessageA@4  00478f92 f   user32:USER32.dll
 0002:00034f98       _PostQuitMessage@4         00478f98 f   user32:USER32.dll
 0002:00034f9e       _SetTimer@16               00478f9e f   user32:USER32.dll
 0002:00034fa4       _KillTimer@8               00478fa4 f   user32:USER32.dll
 0002:00034faa       _GetAsyncKeyState@4        00478faa f   user32:USER32.dll
 0002:00034fb0       _DestroyMenu@4             00478fb0 f   user32:USER32.dll
 0002:00034fb6       _AppendMenuA@16            00478fb6 f   user32:USER32.dll
 0002:00034fbc       _GetMenuStringA@20         00478fbc f   user32:USER32.dll
 0002:00034fc2       _GetMenuItemCount@4        00478fc2 f   user32:USER32.dll
 0002:00034fc8       _GetSubMenu@8              00478fc8 f   user32:USER32.dll
 0002:00034fce       _LoadMenuA@8               00478fce f   user32:USER32.dll
 0002:00034fd4       _DeleteMenu@12             00478fd4 f   user32:USER32.dll
 0002:00034fda       _GetSystemMenu@8           00478fda f   user32:USER32.dll
 0002:00034fe0       _GetMenuItemID@8           00478fe0 f   user32:USER32.dll
 0002:00034fe6       _InsertMenuA@20            00478fe6 f   user32:USER32.dll
 0002:00034fec       _CreateMenu@0              00478fec f   user32:USER32.dll
 0002:00034ff2       _MessageBeep@4             00478ff2 f   user32:USER32.dll
 0002:00034ff8       _TrackPopupMenu@28         00478ff8 f   user32:USER32.dll
 0002:00034ffe       _GetMessagePos@0           00478ffe f   user32:USER32.dll
 0002:00035004       _SetWindowTextA@8          00479004 f   user32:USER32.dll
 0002:0003500a       _FlashWindow@8             0047900a f   user32:USER32.dll
 0002:00035010       _SetClassLongA@12          00479010 f   user32:USER32.dll
 0002:00035016       _SetFocus@4                00479016 f   user32:USER32.dll
 0002:0003501c       _SetWindowPlacement@8      0047901c f   user32:USER32.dll
 0002:00035022       _GetWindowPlacement@8      00479022 f   user32:USER32.dll
 0002:00035028       _ShowWindow@8              00479028 f   user32:USER32.dll
 0002:0003502e       _EnableWindow@8            0047902e f   user32:USER32.dll
 0002:00035034       _PostMessageA@16           00479034 f   user32:USER32.dll
 0002:0003503a       _SetCursor@4               0047903a f   user32:USER32.dll
 0002:00035040       _UnregisterHotKey@8        00479040 f   user32:USER32.dll
 0002:00035046       _RegisterHotKey@16         00479046 f   user32:USER32.dll
 0002:0003504c       _GetWindowTextA@12         0047904c f   user32:USER32.dll
 0002:00035052       _InvalidateRgn@12          00479052 f   user32:USER32.dll
 0002:00035058       _IsDlgButtonChecked@8      00479058 f   user32:USER32.dll
 0002:0003505e       _IsWindowVisible@4         0047905e f   user32:USER32.dll
 0002:00035064       _EndDeferWindowPos@4       00479064 f   user32:USER32.dll
 0002:0003506a       _DeferWindowPos@32         0047906a f   user32:USER32.dll
 0002:00035070       _IsWindowEnabled@4         00479070 f   user32:USER32.dll
 0002:00035076       _BeginDeferWindowPos@4     00479076 f   user32:USER32.dll
 0002:0003507c       _ModifyMenuA@20            0047907c f   user32:USER32.dll
 0002:00035082       _CreatePopupMenu@0         00479082 f   user32:USER32.dll
 0002:00035088       _SetWindowLongA@12         00479088 f   user32:USER32.dll
 0002:0003508e       _GetWindowLongA@8          0047908e f   user32:USER32.dll
 0002:00035094       _ReleaseCapture@0          00479094 f   user32:USER32.dll
 0002:0003509a       _ScreenToClient@8          0047909a f   user32:USER32.dll
 0002:000350a0       _GetCursorPos@4            004790a0 f   user32:USER32.dll
 0002:000350a6       _SetCapture@4              004790a6 f   user32:USER32.dll
 0002:000350ac       _GetWindow@8               004790ac f   user32:USER32.dll
 0002:000350b2       _SendDlgItemMessageA@20    004790b2 f   user32:USER32.dll
 0002:000350b8       _CreateWindowExA@48        004790b8 f   user32:USER32.dll
 0002:000350be       _GetClientRect@8           004790be f   user32:USER32.dll
 0002:000350c4       _GetWindowRect@8           004790c4 f   user32:USER32.dll
 0002:000350ca       _GetDlgItem@8              004790ca f   user32:USER32.dll
 0002:000350d0       _GetParent@4               004790d0 f   user32:USER32.dll
 0002:000350d6       _SetDlgItemTextA@12        004790d6 f   user32:USER32.dll
 0002:000350dc       _DispatchMessageA@4        004790dc f   user32:USER32.dll
 0002:000350e2       _TranslateMessage@4        004790e2 f   user32:USER32.dll
 0002:000350e8       _GetMessageA@16            004790e8 f   user32:USER32.dll
 0002:000350ee       _DefWindowProcA@16         004790ee f   user32:USER32.dll
 0002:000350f4       _CreateDialogParamA@20     004790f4 f   user32:USER32.dll
 0002:000350fa       _DialogBoxParamA@20        004790fa f   user32:USER32.dll
 0002:00035100       _IsDialogMessageA@8        00479100 f   user32:USER32.dll
 0002:00035106       _TranslateAcceleratorA@12  00479106 f   user32:USER32.dll
 0002:0003510c       _DestroyWindow@4           0047910c f   user32:USER32.dll
 0002:00035112       _EndDialog@8               00479112 f   user32:USER32.dll
 0002:00035118       _IsWindow@4                00479118 f   user32:USER32.dll
 0002:0003511e       _UpdateWindow@4            0047911e f   user32:USER32.dll
 0002:00035124       _GetDlgItemTextA@16        00479124 f   user32:USER32.dll
 0002:0003512a       _BringWindowToTop@4        0047912a f   user32:USER32.dll
 0002:00035130       _SystemParametersInfoA@16  00479130 f   user32:USER32.dll
 0002:00035136       _AttachThreadInput@12      00479136 f   user32:USER32.dll
 0002:0003513c       _GetWindowThreadProcessId@8 0047913c f   user32:USER32.dll
 0002:00035142       _GetForegroundWindow@0     00479142 f   user32:USER32.dll
 0002:00035148       _SetActiveWindow@4         00479148 f   user32:USER32.dll
 0002:0003514e       _SetWindowWord@12          0047914e f   user32:USER32.dll
 0002:00035154       _GetWindowWord@8           00479154 f   user32:USER32.dll
 0002:0003515a       _MoveWindow@24             0047915a f   user32:USER32.dll
 0002:00035160       _PeekMessageA@20           00479160 f   user32:USER32.dll
 0002:00035166       _CallWindowProcA@20        00479166 f   user32:USER32.dll
 0002:0003516c       _DeleteObject@4            0047916c f   gdi32:GDI32.dll
 0002:00035172       _CreateFontIndirectA@4     00479172 f   gdi32:GDI32.dll
 0002:00035178       _GetObjectA@12             00479178 f   gdi32:GDI32.dll
 0002:0003517e       _GetOpenFileNameA@4        0047917e f   comdlg32:COMDLG32.dll
 0002:00035184       _GetSaveFileNameA@4        00479184 f   comdlg32:COMDLG32.dll
 0002:0003518a       _ChooseFontA@4             0047918a f   comdlg32:COMDLG32.dll
 0002:00035190       _GetUserNameA@8            00479190 f   advapi32:ADVAPI32.dll
 0002:00035196       _RegOpenKeyExA@20          00479196 f   advapi32:ADVAPI32.dll
 0002:0003519c       _RegCreateKeyExA@36        0047919c f   advapi32:ADVAPI32.dll
 0002:000351a2       _RegCloseKey@4             004791a2 f   advapi32:ADVAPI32.dll
 0002:000351a8       _RegQueryValueA@16         004791a8 f   advapi32:ADVAPI32.dll
 0002:000351ae       _RegQueryValueExA@24       004791ae f   advapi32:ADVAPI32.dll
 0002:000351b4       _RegSetValueExA@24         004791b4 f   advapi32:ADVAPI32.dll
 0002:000351ba       _RegDeleteKeyA@8           004791ba f   advapi32:ADVAPI32.dll
 0002:000351c0       _RegDeleteValueA@8         004791c0 f   advapi32:ADVAPI32.dll
 0002:000351c6       _RegEnumKeyExA@32          004791c6 f   advapi32:ADVAPI32.dll
 0002:000351cc       _RegEnumValueA@32          004791cc f   advapi32:ADVAPI32.dll
 0002:000351d2       _Shell_NotifyIconA@8       004791d2 f   shell32:SHELL32.dll
 0002:000351d8       _ShellExecuteExA@4         004791d8 f   shell32:SHELL32.dll
 0002:000351de       _ExtractIconA@12           004791de f   shell32:SHELL32.dll
 0002:000351e4       _ShellExecuteA@24          004791e4 f   shell32:SHELL32.dll
 0002:000351ea       _SHGetPathFromIDListA@8    004791ea f   shell32:SHELL32.dll
 0002:000351f0       _SHBrowseForFolderA@4      004791f0 f   shell32:SHELL32.dll
 0002:000351f6       _SHGetMalloc@4             004791f6 f   shell32:SHELL32.dll
 0002:000351fc       _DragFinish@4              004791fc f   shell32:SHELL32.dll
 0002:00035202       _DragQueryFileA@16         00479202 f   shell32:SHELL32.dll
 0002:00035208       _CoInitialize@4            00479208 f   ole32:ole32.dll
 0002:0003520e       _CoUninitialize@0          0047920e f   ole32:ole32.dll
 0002:00035220       ??2@YAPAXI@Z               00479220 f   LIBCMTD:new.obj
 0002:000352c0       ??0bad_alloc@std@@QAE@XZ   004792c0 f i LIBCMTD:new.obj
 0002:00035300       ??1bad_alloc@std@@UAE@XZ   00479300 f i LIBCMTD:new.obj
 0002:00035330       ??_Gbad_alloc@std@@UAEPAXI@Z 00479330 f i LIBCMTD:new.obj
 0002:00035330       ??_Ebad_alloc@std@@UAEPAXI@Z 00479330 f i LIBCMTD:new.obj
 0002:00035370       ??0bad_alloc@std@@QAE@ABV01@@Z 00479370 f i LIBCMTD:new.obj
 0002:000353a0       ??3@YAXPAX@Z               004793a0 f   LIBCMTD:dbgdel.obj
 0002:000354c0       _memset                    004794c0 f   LIBCMTD:memset.obj
 0002:00035560       _memcpy                    00479560 f   LIBCMTD:memcpy.obj
 0002:000359a0       ?_JumpToContinuation@@YGXPAXPAUEHRegistrationNode@@@Z 004799a0 f   LIBCMTD:_trnsctrl_.obj
 0002:000359f0       ?_CallMemberFunction0@@YGXPAX0@Z 004799f0 f   LIBCMTD:_trnsctrl_.obj
 0002:00035a00       ?_CallMemberFunction1@@YGXPAX00@Z 00479a00 f   LIBCMTD:_trnsctrl_.obj
 0002:00035a10       ?_CallMemberFunction2@@YGXPAX00H@Z 00479a10 f   LIBCMTD:_trnsctrl_.obj
 0002:00035a20       ?_UnwindNestedFrames@@YGXPAUEHRegistrationNode@@PAUEHExceptionRecord@@@Z 00479a20 f   LIBCMTD:_trnsctrl_.obj
 0002:00035a90       ___CxxFrameHandler         00479a90 f   LIBCMTD:_trnsctrl_.obj
 0002:00035ae0       ___CxxFrameHandler3        00479ae0 f   LIBCMTD:_trnsctrl_.obj
 0002:00035b30       ___CxxFrameHandler2        00479b30 f   LIBCMTD:_trnsctrl_.obj
 0002:00035b80       ___CxxLongjmpUnwind@4      00479b80 f   LIBCMTD:_trnsctrl_.obj
 0002:00035bc0       ?_CallCatchBlock2@@YAPAXPAUEHRegistrationNode@@PBU_s_FuncInfo@@PAXHK@Z 00479bc0 f   LIBCMTD:_trnsctrl_.obj
 0002:00035cb0       ?_CallSETranslator@@YAHPAUEHExceptionRecord@@PAUEHRegistrationNode@@PAX2PBU_s_FuncInfo@@H1@Z 00479cb0 f   LIBCMTD:_trnsctrl_.obj
 0002:00035ec0       ?_GetRangeOfTrysToCheck@@YAPBU_s_TryBlockMapEntry@@PBU_s_FuncInfo@@HHPAI1@Z 00479ec0 f   LIBCMTD:_trnsctrl_.obj
 0002:00035f60       __CreateFrameInfo          00479f60 f   LIBCMTD:_trnsctrl_.obj
 0002:00035fa0       __IsExceptionObjectToBeDestroyed 00479fa0 f   LIBCMTD:_trnsctrl_.obj
 0002:00035fe0       __FindAndUnlinkFrame       00479fe0 f   LIBCMTD:_trnsctrl_.obj
 0002:00036050       @__security_check_cookie@4 0047a050 f   LIBCMTD:secchk.obj
 0002:00036070       ?name@type_info@@QBEPBDPAU__type_info_node@@@Z 0047a070 f   LIBCMTD:typinfo.obj
 0002:000360a0       ??1type_info@@UAE@XZ       0047a0a0 f   LIBCMTD:typinfo.obj
 0002:000360d0       ??_Etype_info@@UAEPAXI@Z   0047a0d0 f i LIBCMTD:typinfo.obj
 0002:000360d0       ??_Gtype_info@@UAEPAXI@Z   0047a0d0 f i LIBCMTD:typinfo.obj
 0002:00036110       ?_name_internal_method@type_info@@QBEPBDPAU__type_info_node@@@Z 0047a110 f   LIBCMTD:typinfo.obj
 0002:00036140       ?_type_info_dtor_internal_method@type_info@@QAEXXZ 0047a140 f   LIBCMTD:typinfo.obj
 0002:00036160       ??8type_info@@QBE_NABV0@@Z 0047a160 f   LIBCMTD:typinfo.obj
 0002:000361a0       ??9type_info@@QBE_NABV0@@Z 0047a1a0 f   LIBCMTD:typinfo.obj
 0002:000361e0       ?before@type_info@@QBEHABV1@@Z 0047a1e0 f   LIBCMTD:typinfo.obj
 0002:00036220       ?raw_name@type_info@@QBEPBDXZ 0047a220 f   LIBCMTD:typinfo.obj
 0002:00036240       ??0type_info@@AAE@ABV0@@Z  0047a240 f   LIBCMTD:typinfo.obj
 0002:00036270       ??4type_info@@AAEAAV0@ABV0@@Z 0047a270 f   LIBCMTD:typinfo.obj
 0002:00036290       _strcmp                    0047a290 f   LIBCMTD:strcmp.obj
 0002:00036340       _strcpy                    0047a340 f   LIBCMTD:strcat.obj
 0002:00036350       _strcat                    0047a350 f   LIBCMTD:strcat.obj
 0002:00036480       _srand                     0047a480 f   LIBCMTD:rand.obj
 0002:000364a0       _rand                      0047a4a0 f   LIBCMTD:rand.obj
 0002:000364f0       _atol                      0047a4f0 f   LIBCMTD:atox.obj
 0002:00036510       __atol_l                   0047a510 f   LIBCMTD:atox.obj
 0002:00036540       _atoi                      0047a540 f   LIBCMTD:atox.obj
 0002:00036560       __atoi_l                   0047a560 f   LIBCMTD:atox.obj
 0002:00036580       __atoi64                   0047a580 f   LIBCMTD:atox.obj
 0002:000365a0       __atoi64_l                 0047a5a0 f   LIBCMTD:atox.obj
 0002:000365e0       _strchr                    0047a5e0 f   LIBCMTD:strchr.obj
 0002:000365e6       ___from_strstr_to_strchr   0047a5e6     LIBCMTD:strchr.obj
 0002:000366e0       _strlen                    0047a6e0 f   LIBCMTD:strlen.obj
 0002:00036790       _strstr                    0047a790 f   LIBCMTD:strstr.obj
 0002:00036840       __alldiv                   0047a840 f   LIBCMTD:lldiv.obj
 0002:00036920       __alloca_probe             0047a920     LIBCMTD:chkstk.obj
 0002:00036920       __chkstk                   0047a920 f   LIBCMTD:chkstk.obj
 0002:00036960       _malloc                    0047a960 f   LIBCMTD:dbgmalloc.obj
 0002:000369a0       __allmul                   0047a9a0 f   LIBCMTD:llmul.obj
 0002:000369f0       __allshr                   0047a9f0 f   LIBCMTD:llshr.obj
 0002:00036a20       __allshl                   0047aa20 f   LIBCMTD:llshl.obj
 0002:00036a50       __allrem                   0047aa50 f   LIBCMTD:llrem.obj
 0002:00036b30       _free                      0047ab30 f   LIBCMTD:dbgfree.obj
 0002:00036b50       _strtol                    0047ab50 f   LIBCMTD:strtol.obj
 0002:000371d0       ??0_LocaleUpdate@@QAE@PAUlocaleinfo_struct@@@Z 0047b1d0 f i LIBCMTD:strtol.obj
 0002:000372e0       ??1_LocaleUpdate@@QAE@XZ   0047b2e0 f i LIBCMTD:strtol.obj
 0002:00037320       ?GetLocaleT@_LocaleUpdate@@QAEPAUlocaleinfo_struct@@XZ 0047b320 f i LIBCMTD:strtol.obj
 0002:00037340       __strtol_l                 0047b340 f   LIBCMTD:strtol.obj
 0002:00037370       _strtoul                   0047b370 f   LIBCMTD:strtol.obj
 0002:000373d0       __strtoul_l                0047b3d0 f   LIBCMTD:strtol.obj
 0002:00037400       _strrchr                   0047b400 f   LIBCMTD:strrchr.obj
 0002:00037440       _abs                       0047b440 f   LIBCMTD:abs.obj
 0002:00037470       __abs64                    0047b470 f   LIBCMTD:abs.obj
 0002:000374d0       _memcmp                    0047b4d0 f   LIBCMTD:memcmp.obj
 0002:000381f0       _memmove                   0047c1f0 f   LIBCMTD:memmove.obj
 0002:00038630       __toupper                  0047c630 f   LIBCMTD:toupper.obj
 0002:00038640       __toupper_l                0047c640 f   LIBCMTD:toupper.obj
 0002:00038890       _toupper                   0047c890 f   LIBCMTD:toupper.obj
 0002:000388f0       _realloc                   0047c8f0 f   LIBCMTD:dbgrealloc.obj
 0002:00038920       ??_M@YGXPAXIHP6EX0@Z@Z     0047c920 f   LIBCMTD:ehvecdtr.obj
 0002:00038a00       ?__ArrayUnwind@@YGXPAXIHP6EX0@Z@Z 0047ca00 f   LIBCMTD:ehvecdtr.obj
 0002:00038af0       _strncpy                   0047caf0 f   LIBCMTD:strncpy.obj
 0002:00038c60       ??_L@YGXPAXIHP6EX0@Z1@Z    0047cc60 f   LIBCMTD:ehvecctr.obj
 0002:00038d40       __purecall                 0047cd40 f   LIBCMTD:purevirt.obj
 0002:00038d90       __set_purecall_handler     0047cd90 f   LIBCMTD:purevirt.obj
 0002:00038de0       __get_purecall_handler     0047cde0 f   LIBCMTD:purevirt.obj
 0002:00038e00       _WinMainCRTStartup         0047ce00 f   LIBCMTD:wincrt0.obj
 0002:00039150       __onexit                   0047d150 f   LIBCMTD:onexit.obj
 0002:000393a0       _atexit                    0047d3a0 f   LIBCMTD:onexit.obj
 0002:000393d0       ___onexitinit              0047d3d0 f   LIBCMTD:onexit.obj
 0002:00039440       __initp_heap_handler       0047d440 f   LIBCMTD:handler.obj
 0002:00039460       ?_set_new_handler@@YAP6AHI@ZP6AHI@Z@Z 0047d460 f   LIBCMTD:handler.obj
 0002:000394c0       ?_set_new_handler@@YAP6AHI@ZH@Z 0047d4c0 f   LIBCMTD:handler.obj
 0002:00039510       ?_query_new_handler@@YAP6AHI@ZXZ 0047d510 f   LIBCMTD:handler.obj
 0002:00039530       __callnewh                 0047d530 f   LIBCMTD:handler.obj
 0002:00039580       __CxxThrowException@8      0047d580 f   LIBCMTD:throw.obj
 0002:000395f0       ??0exception@std@@QAE@XZ   0047d5f0 f   LIBCMTD:stdexcpt.obj
 0002:00039630       ??_Gexception@std@@UAEPAXI@Z 0047d630 f i LIBCMTD:stdexcpt.obj
 0002:00039630       ??_Eexception@std@@UAEPAXI@Z 0047d630 f i LIBCMTD:stdexcpt.obj
 0002:00039670       ??0exception@std@@QAE@ABQBD@Z 0047d670 f   LIBCMTD:stdexcpt.obj
 0002:00039720       ??0exception@std@@QAE@ABQBDH@Z 0047d720 f   LIBCMTD:stdexcpt.obj
 0002:00039760       ??0exception@std@@QAE@ABV01@@Z 0047d760 f   LIBCMTD:stdexcpt.obj
[...]
 0005:000008d8       __imp__GetCurrentDirectoryA@8 004ed8d8     kernel32:KERNEL32.dll
 0005:000008dc       __imp__WriteFile@20        004ed8dc     kernel32:KERNEL32.dll
 0005:000008e0       __imp__SetFilePointer@16   004ed8e0     kernel32:KERNEL32.dll
 0005:000008e4       __imp__CreateFileA@28      004ed8e4     kernel32:KERNEL32.dll
 0005:000008e8       __imp__GetFullPathNameA@16 004ed8e8     kernel32:KERNEL32.dll
 0005:000008ec       __imp__CreateThread@24     004ed8ec     kernel32:KERNEL32.dll
 0005:000008f0       __imp__GetTickCount@0      004ed8f0     kernel32:KERNEL32.dll
 0005:000008f4       __imp__IsBadReadPtr@8      004ed8f4     kernel32:KERNEL32.dll
 0005:000008f8       __imp__MapViewOfFile@20    004ed8f8     kernel32:KERNEL32.dll
 0005:000008fc       __imp__CreateFileMappingA@24 004ed8fc     kernel32:KERNEL32.dll
 0005:00000900       __imp__GetFileSize@8       004ed900     kernel32:KERNEL32.dll
 0005:00000904       __imp__UnmapViewOfFile@4   004ed904     kernel32:KERNEL32.dll
 0005:00000908       __imp__ExitThread@4        004ed908     kernel32:KERNEL32.dll
 0005:0000090c       __imp__FindClose@4         004ed90c     kernel32:KERNEL32.dll
 0005:00000910       __imp__FindNextFileA@8     004ed910     kernel32:KERNEL32.dll
 0005:00000914       __imp__FindFirstFileA@8    004ed914     kernel32:KERNEL32.dll
 0005:00000918       __imp__Sleep@4             004ed918     kernel32:KERNEL32.dll
 0005:0000091c       __imp__GetProcAddress@8    004ed91c     kernel32:KERNEL32.dll
 0005:00000920       __imp__LoadLibraryA@4      004ed920     kernel32:KERNEL32.dll
 0005:00000924       __imp__LocalFree@4         004ed924     kernel32:KERNEL32.dll
 0005:00000928       __imp__GetLastError@0      004ed928     kernel32:KERNEL32.dll
 0005:0000092c       __imp__IsDBCSLeadByte@4    004ed92c     kernel32:KERNEL32.dll
 0005:00000930       __imp__SystemTimeToFileTime@8 004ed930     kernel32:KERNEL32.dll
 0005:00000934       __imp__GetLocalTime@4      004ed934     kernel32:KERNEL32.dll
 0005:00000938       __imp__GetComputerNameA@8  004ed938     kernel32:KERNEL32.dll
 0005:0000093c       __imp__ResumeThread@4      004ed93c     kernel32:KERNEL32.dll
 0005:00000940       __imp__SuspendThread@4     004ed940     kernel32:KERNEL32.dll
 0005:00000944       __imp__SetFileTime@16      004ed944     kernel32:KERNEL32.dll
 0005:00000948       __imp__SetFileAttributesA@8 004ed948     kernel32:KERNEL32.dll
 0005:0000094c       __imp__CreateDirectoryA@8  004ed94c     kernel32:KERNEL32.dll
 0005:00000950       __imp__GetFileAttributesA@4 004ed950     kernel32:KERNEL32.dll
 0005:00000954       __imp__GetSystemTime@4     004ed954     kernel32:KERNEL32.dll
 0005:00000958       __imp__GetFileInformationByHandle@8 004ed958     kernel32:KERNEL32.dll
 0005:0000095c       __imp__FreeLibrary@4       004ed95c     kernel32:KERNEL32.dll
 0005:00000960       __imp__GetStringTypeW@16   004ed960     kernel32:KERNEL32.dll
 0005:00000964       __imp__HeapSize@12         004ed964     kernel32:KERNEL32.dll
 0005:00000968       __imp__HeapAlloc@12        004ed968     kernel32:KERNEL32.dll
 0005:0000096c       __imp__InitializeCriticalSectionAndSpinCount@8 004ed96c     kernel32:KERNEL32.dll
 0005:00000970       __imp__VirtualFree@12      004ed970     kernel32:KERNEL32.dll
 0005:00000974       __imp__HeapFree@12         004ed974     kernel32:KERNEL32.dll
 0005:00000978       __imp__HeapCreate@12       004ed978     kernel32:KERNEL32.dll
 0005:0000097c       __imp__HeapDestroy@4       004ed97c     kernel32:KERNEL32.dll
 0005:00000980       __imp__GetFileType@4       004ed980     kernel32:KERNEL32.dll
 0005:00000984       __imp__SetHandleCount@4    004ed984     kernel32:KERNEL32.dll
 0005:00000988       __imp__GetEnvironmentStringsW@0 004ed988     kernel32:KERNEL32.dll
 0005:0000098c       __imp__FreeEnvironmentStringsW@4 004ed98c     kernel32:KERNEL32.dll
 0005:00000990       __imp__GetEnvironmentStrings@0 004ed990     kernel32:KERNEL32.dll
 0005:00000994       __imp__FreeEnvironmentStringsA@4 004ed994     kernel32:KERNEL32.dll
 0005:00000998       __imp__GetSystemTimeAsFileTime@4 004ed998     kernel32:KERNEL32.dll
 0005:0000099c       __imp__GetCurrentProcessId@0 004ed99c     kernel32:KERNEL32.dll
 0005:000009a0       __imp__QueryPerformanceCounter@4 004ed9a0     kernel32:KERNEL32.dll
 0005:000009a4       __imp__GetStdHandle@4      004ed9a4     kernel32:KERNEL32.dll
 0005:000009a8       __imp__GetModuleFileNameA@12 004ed9a8     kernel32:KERNEL32.dll
 0005:000009ac       __imp__LCMapStringW@24     004ed9ac     kernel32:KERNEL32.dll
 0005:000009b0       __imp__LCMapStringA@24     004ed9b0     kernel32:KERNEL32.dll
 0005:000009b4       __imp__MultiByteToWideChar@24 004ed9b4     kernel32:KERNEL32.dll
 0005:000009b8       __imp__WideCharToMultiByte@32 004ed9b8     kernel32:KERNEL32.dll
 0005:000009bc       __imp__IsValidCodePage@4   004ed9bc     kernel32:KERNEL32.dll
 0005:000009c0       __imp__GetCPInfo@8         004ed9c0     kernel32:KERNEL32.dll
 0005:000009c4       __imp__GetOEMCP@0          004ed9c4     kernel32:KERNEL32.dll
 0005:000009c8       __imp__GetACP@0            004ed9c8     kernel32:KERNEL32.dll
 0005:000009cc       __imp__IsDebuggerPresent@0 004ed9cc     kernel32:KERNEL32.dll
 0005:000009d0       __imp__SetUnhandledExceptionFilter@4 004ed9d0     kernel32:KERNEL32.dll
 0005:000009d4       __imp__UnhandledExceptionFilter@4 004ed9d4     kernel32:KERNEL32.dll
 0005:000009d8       __imp__GetCurrentProcess@0 004ed9d8     kernel32:KERNEL32.dll
 0005:000009dc       __imp__TerminateProcess@8  004ed9dc     kernel32:KERNEL32.dll
 0005:000009e0       __imp__GetCurrentThread@0  004ed9e0     kernel32:KERNEL32.dll
 0005:000009e4       __imp__InterlockedDecrement@4 004ed9e4     kernel32:KERNEL32.dll
 0005:000009e8       __imp__SetLastError@4      004ed9e8     kernel32:KERNEL32.dll
 0005:000009ec       __imp__InterlockedIncrement@4 004ed9ec     kernel32:KERNEL32.dll
 0005:000009f0       __imp__TlsFree@4           004ed9f0     kernel32:KERNEL32.dll
 0005:000009f4       __imp__GetCurrentThreadId@0 004ed9f4     kernel32:KERNEL32.dll
 0005:000009f8       __imp__TlsSetValue@8       004ed9f8     kernel32:KERNEL32.dll
 0005:000009fc       __imp__TlsAlloc@0          004ed9fc     kernel32:KERNEL32.dll
 0005:00000a00       __imp__GetModuleHandleW@4  004eda00     kernel32:KERNEL32.dll
 0005:00000a04       __imp__TlsGetValue@4       004eda04     kernel32:KERNEL32.dll
 0005:00000a08       __imp__GetModuleFileNameW@12 004eda08     kernel32:KERNEL32.dll
 0005:00000a0c       __imp__HeapValidate@12     004eda0c     kernel32:KERNEL32.dll
 0005:00000a10       __imp__FatalAppExitA@8     004eda10     kernel32:KERNEL32.dll
 0005:00000a14       __imp__LeaveCriticalSection@4 004eda14     kernel32:KERNEL32.dll
 0005:00000a18       __imp__EnterCriticalSection@4 004eda18     kernel32:KERNEL32.dll
 0005:00000a1c       __imp__DeleteCriticalSection@4 004eda1c     kernel32:KERNEL32.dll
 0005:00000a20       __imp__RaiseException@16   004eda20     kernel32:KERNEL32.dll
 0005:00000a24       __imp__GetStartupInfoA@4   004eda24     kernel32:KERNEL32.dll
 0005:00000a28       __imp__VirtualAlloc@16     004eda28     kernel32:KERNEL32.dll
 0005:00000a2c       __imp__GetCommandLineA@0   004eda2c     kernel32:KERNEL32.dll
 0005:00000a30       __imp__RtlUnwind@16        004eda30     kernel32:KERNEL32.dll
 0005:00000a34       __imp__DebugBreak@0        004eda34     kernel32:KERNEL32.dll
 0005:00000a38       __imp__OutputDebugStringA@4 004eda38     kernel32:KERNEL32.dll
 0005:00000a3c       __imp__WriteConsoleW@20    004eda3c     kernel32:KERNEL32.dll
 0005:00000a40       __imp__GetLocaleInfoA@16   004eda40     kernel32:KERNEL32.dll
 0005:00000a44       __imp__IsValidLocale@8     004eda44     kernel32:KERNEL32.dll
 0005:00000a48       __imp__EnumSystemLocalesA@8 004eda48     kernel32:KERNEL32.dll
 0005:00000a4c       __imp__GetUserDefaultLCID@0 004eda4c     kernel32:KERNEL32.dll
 0005:00000a50       __imp__GetLocaleInfoW@16   004eda50     kernel32:KERNEL32.dll
 0005:00000a54       __imp__InterlockedExchange@8 004eda54     kernel32:KERNEL32.dll
 0005:00000a58       __imp__GetTimeZoneInformation@4 004eda58     kernel32:KERNEL32.dll
 0005:00000a5c       __imp__GetConsoleCP@0      004eda5c     kernel32:KERNEL32.dll
 0005:00000a60       __imp__GetConsoleMode@8    004eda60     kernel32:KERNEL32.dll
 0005:00000a64       __imp__SetStdHandle@8      004eda64     kernel32:KERNEL32.dll
 0005:00000a68       __imp__WriteConsoleA@20    004eda68     kernel32:KERNEL32.dll
 0005:00000a6c       __imp__GetConsoleOutputCP@0 004eda6c     kernel32:KERNEL32.dll
 0005:00000a70       __imp__lstrlenA@4          004eda70     kernel32:KERNEL32.dll
 0005:00000a74       __imp__GetProcessHeap@0    004eda74     kernel32:KERNEL32.dll
 0005:00000a78       __imp__VirtualQuery@12     004eda78     kernel32:KERNEL32.dll
 0005:00000a7c       __imp__FlushFileBuffers@4  004eda7c     kernel32:KERNEL32.dll
 0005:00000a80       __imp__CompareStringA@24   004eda80     kernel32:KERNEL32.dll
 0005:00000a84       __imp__CompareStringW@24   004eda84     kernel32:KERNEL32.dll
 0005:00000a88       __imp__HeapReAlloc@16      004eda88     kernel32:KERNEL32.dll
 0005:00000a8c       __imp__SetEnvironmentVariableA@8 004eda8c     kernel32:KERNEL32.dll
 0005:00000a90       \177KERNEL32_NULL_THUNK_DATA 004eda90     kernel32:KERNEL32.dll
 0005:00000b20       __imp__DragFinish@4        004edb20     shell32:SHELL32.dll
 0005:00000b24       __imp__SHGetMalloc@4       004edb24     shell32:SHELL32.dll
 0005:00000b28       __imp__SHBrowseForFolderA@4 004edb28     shell32:SHELL32.dll
 0005:00000b2c       __imp__SHGetPathFromIDListA@8 004edb2c     shell32:SHELL32.dll
 0005:00000b30       __imp__ShellExecuteA@24    004edb30     shell32:SHELL32.dll
 0005:00000b34       __imp__ExtractIconA@12     004edb34     shell32:SHELL32.dll
 0005:00000b38       __imp__ShellExecuteExA@4   004edb38     shell32:SHELL32.dll
 0005:00000b3c       __imp__Shell_NotifyIconA@8 004edb3c     shell32:SHELL32.dll
 0005:00000b40       __imp__DragQueryFileA@16   004edb40     shell32:SHELL32.dll
 0005:00000b44       \177SHELL32_NULL_THUNK_DATA 004edb44     shell32:SHELL32.dll
 0005:00000b74       __imp__MoveWindow@24       004edb74     user32:USER32.dll
 0005:00000b78       __imp__PeekMessageA@20     004edb78     user32:USER32.dll
 0005:00000b7c       __imp__CallWindowProcA@20  004edb7c     user32:USER32.dll
 0005:00000b80       __imp__IsWindow@4          004edb80     user32:USER32.dll
 0005:00000b84       __imp__EndDialog@8         004edb84     user32:USER32.dll
 0005:00000b88       __imp__DestroyWindow@4     004edb88     user32:USER32.dll
 0005:00000b8c       __imp__TranslateAcceleratorA@12 004edb8c     user32:USER32.dll
 0005:00000b90       __imp__IsDialogMessageA@8  004edb90     user32:USER32.dll
 0005:00000b94       __imp__DialogBoxParamA@20  004edb94     user32:USER32.dll
 0005:00000b98       __imp__CreateDialogParamA@20 004edb98     user32:USER32.dll
 0005:00000b9c       __imp__GetWindowWord@8     004edb9c     user32:USER32.dll
 0005:00000ba0       __imp__GetMessageA@16      004edba0     user32:USER32.dll
 0005:00000ba4       __imp__TranslateMessage@4  004edba4     user32:USER32.dll
 0005:00000ba8       __imp__DispatchMessageA@4  004edba8     user32:USER32.dll
 0005:00000bac       __imp__SetDlgItemTextA@12  004edbac     user32:USER32.dll
 0005:00000bb0       __imp__GetParent@4         004edbb0     user32:USER32.dll
 0005:00000bb4       __imp__GetDlgItem@8        004edbb4     user32:USER32.dll
 0005:00000bb8       __imp__GetWindowRect@8     004edbb8     user32:USER32.dll
 0005:00000bbc       __imp__GetClientRect@8     004edbbc     user32:USER32.dll
 0005:00000bc0       __imp__CreateWindowExA@48  004edbc0     user32:USER32.dll
 0005:00000bc4       __imp__SendDlgItemMessageA@20 004edbc4     user32:USER32.dll
 0005:00000bc8       __imp__GetWindow@8         004edbc8     user32:USER32.dll
 0005:00000bcc       __imp__SetCapture@4        004edbcc     user32:USER32.dll
 0005:00000bd0       __imp__SetWindowWord@12    004edbd0     user32:USER32.dll
 0005:00000bd4       __imp__SetActiveWindow@4   004edbd4     user32:USER32.dll
 0005:00000bd8       __imp__GetForegroundWindow@0 004edbd8     user32:USER32.dll
 0005:00000bdc       __imp__GetWindowThreadProcessId@8 004edbdc     user32:USER32.dll
 0005:00000be0       __imp__AttachThreadInput@12 004edbe0     user32:USER32.dll
 0005:00000be4       __imp__SystemParametersInfoA@16 004edbe4     user32:USER32.dll
 0005:00000be8       __imp__BringWindowToTop@4  004edbe8     user32:USER32.dll
 0005:00000bec       __imp__GetDlgItemTextA@16  004edbec     user32:USER32.dll
 0005:00000bf0       __imp__DefWindowProcA@16   004edbf0     user32:USER32.dll
 0005:00000bf4       __imp__UpdateWindow@4      004edbf4     user32:USER32.dll
 0005:00000bf8       __imp__GetCursorPos@4      004edbf8     user32:USER32.dll
 0005:00000bfc       __imp__ScreenToClient@8    004edbfc     user32:USER32.dll
 0005:00000c00       __imp__ReleaseCapture@0    004edc00     user32:USER32.dll
 0005:00000c04       __imp__GetWindowLongA@8    004edc04     user32:USER32.dll
 0005:00000c08       __imp__SetWindowLongA@12   004edc08     user32:USER32.dll
 0005:00000c0c       __imp__ModifyMenuA@20      004edc0c     user32:USER32.dll
 0005:00000c10       __imp__BeginDeferWindowPos@4 004edc10     user32:USER32.dll
 0005:00000c14       __imp__IsWindowEnabled@4   004edc14     user32:USER32.dll
 0005:00000c18       __imp__DeferWindowPos@32   004edc18     user32:USER32.dll
 0005:00000c1c       __imp__EndDeferWindowPos@4 004edc1c     user32:USER32.dll
 0005:00000c20       __imp__IsWindowVisible@4   004edc20     user32:USER32.dll
 0005:00000c24       __imp__IsDlgButtonChecked@8 004edc24     user32:USER32.dll
 0005:00000c28       __imp__InvalidateRgn@12    004edc28     user32:USER32.dll
 0005:00000c2c       __imp__GetWindowTextA@12   004edc2c     user32:USER32.dll
 0005:00000c30       __imp__RegisterHotKey@16   004edc30     user32:USER32.dll
 0005:00000c34       __imp__UnregisterHotKey@8  004edc34     user32:USER32.dll
 0005:00000c38       __imp__SetCursor@4         004edc38     user32:USER32.dll
 0005:00000c3c       __imp__PostMessageA@16     004edc3c     user32:USER32.dll
 0005:00000c40       __imp__EnableWindow@8      004edc40     user32:USER32.dll
 0005:00000c44       __imp__ShowWindow@8        004edc44     user32:USER32.dll
 0005:00000c48       __imp__GetWindowPlacement@8 004edc48     user32:USER32.dll
 0005:00000c4c       __imp__SetWindowPlacement@8 004edc4c     user32:USER32.dll
 0005:00000c50       __imp__SetFocus@4          004edc50     user32:USER32.dll
 0005:00000c54       __imp__SetClassLongA@12    004edc54     user32:USER32.dll
 0005:00000c58       __imp__FlashWindow@8       004edc58     user32:USER32.dll
 0005:00000c5c       __imp__SetWindowTextA@8    004edc5c     user32:USER32.dll
 0005:00000c60       __imp__GetMessagePos@0     004edc60     user32:USER32.dll
 0005:00000c64       __imp__TrackPopupMenu@28   004edc64     user32:USER32.dll
 0005:00000c68       __imp__MessageBeep@4       004edc68     user32:USER32.dll
 0005:00000c6c       __imp__CreateMenu@0        004edc6c     user32:USER32.dll
 0005:00000c70       __imp__InsertMenuA@20      004edc70     user32:USER32.dll
 0005:00000c74       __imp__GetMenuItemID@8     004edc74     user32:USER32.dll
 0005:00000c78       __imp__GetSystemMenu@8     004edc78     user32:USER32.dll
 0005:00000c7c       __imp__DeleteMenu@12       004edc7c     user32:USER32.dll
 0005:00000c80       __imp__LoadMenuA@8         004edc80     user32:USER32.dll
 0005:00000c84       __imp__GetSubMenu@8        004edc84     user32:USER32.dll
 0005:00000c88       __imp__GetMenuItemCount@4  004edc88     user32:USER32.dll
 0005:00000c8c       __imp__GetMenuStringA@20   004edc8c     user32:USER32.dll
 0005:00000c90       __imp__AppendMenuA@16      004edc90     user32:USER32.dll
 0005:00000c94       __imp__DestroyMenu@4       004edc94     user32:USER32.dll
 0005:00000c98       __imp__GetAsyncKeyState@4  004edc98     user32:USER32.dll
 0005:00000c9c       __imp__KillTimer@8         004edc9c     user32:USER32.dll
 0005:00000ca0       __imp__SetTimer@16         004edca0     user32:USER32.dll
 0005:00000ca4       __imp__PostQuitMessage@4   004edca4     user32:USER32.dll
 0005:00000ca8       __imp__RegisterWindowMessageA@4 004edca8     user32:USER32.dll
 0005:00000cac       __imp__LoadAcceleratorsA@8 004edcac     user32:USER32.dll
 0005:00000cb0       __imp__GetSystemMetrics@4  004edcb0     user32:USER32.dll
 0005:00000cb4       __imp__SendMessageA@16     004edcb4     user32:USER32.dll
 0005:00000cb8       __imp__MessageBoxA@16      004edcb8     user32:USER32.dll
 0005:00000cbc       __imp__LoadIconA@8         004edcbc     user32:USER32.dll
 0005:00000cc0       __imp__LoadCursorA@8       004edcc0     user32:USER32.dll
 0005:00000cc4       __imp__FindWindowA@8       004edcc4     user32:USER32.dll
 0005:00000cc8       __imp__RegisterClassA@4    004edcc8     user32:USER32.dll
 0005:00000ccc       __imp__SetForegroundWindow@4 004edccc     user32:USER32.dll
 0005:00000cd0       __imp__wsprintfA           004edcd0     user32:USER32.dll
 0005:00000cd4       __imp__CreatePopupMenu@0   004edcd4     user32:USER32.dll
 0005:00000cd8       \177USER32_NULL_THUNK_DATA 004edcd8     user32:USER32.dll
 0005:00000d48       __imp__PlaySoundA@12       004edd48     winmm:WINMM.dll
 0005:00000d4c       \177WINMM_NULL_THUNK_DATA  004edd4c     winmm:WINMM.dll
 0005:00000d78       __imp__inet_ntoa@4         004edd78     wsock32:WSOCK32.dll
 0005:00000d7c       __imp__ntohl@4             004edd7c     wsock32:WSOCK32.dll
 0005:00000d80       __imp__connect@12          004edd80     wsock32:WSOCK32.dll
 0005:00000d84       __imp__accept@12           004edd84     wsock32:WSOCK32.dll
 0005:00000d88       __imp__recvfrom@24         004edd88     wsock32:WSOCK32.dll
 0005:00000d8c       __imp__sendto@24           004edd8c     wsock32:WSOCK32.dll
 0005:00000d90       __imp__WSAAsyncSelect@16   004edd90     wsock32:WSOCK32.dll
 0005:00000d94       __imp__WSACleanup@0        004edd94     wsock32:WSOCK32.dll
 0005:00000d98       __imp__WSAStartup@8        004edd98     wsock32:WSOCK32.dll
 0005:00000d9c       __imp__socket@12           004edd9c     wsock32:WSOCK32.dll
 0005:00000da0       __imp__bind@12             004edda0     wsock32:WSOCK32.dll
 0005:00000da4       __imp__ioctlsocket@12      004edda4     wsock32:WSOCK32.dll
 0005:00000da8       __imp__setsockopt@20       004edda8     wsock32:WSOCK32.dll
 0005:00000dac       __imp__listen@8            004eddac     wsock32:WSOCK32.dll
 0005:00000db0       __imp__gethostname@8       004eddb0     wsock32:WSOCK32.dll
 0005:00000db4       __imp__gethostbyname@4     004eddb4     wsock32:WSOCK32.dll
 0005:00000db8       __imp__WSAGetLastError@0   004eddb8     wsock32:WSOCK32.dll
 0005:00000dbc       __imp__inet_addr@4         004eddbc     wsock32:WSOCK32.dll
 0005:00000dc0       __imp__send@16             004eddc0     wsock32:WSOCK32.dll
 0005:00000dc4       __imp__select@20           004eddc4     wsock32:WSOCK32.dll
 0005:00000dc8       __imp__recv@16             004eddc8     wsock32:WSOCK32.dll
 0005:00000dcc       __imp__closesocket@4       004eddcc     wsock32:WSOCK32.dll
 0005:00000dd0       __imp__htons@4             004eddd0     wsock32:WSOCK32.dll
 0005:00000dd4       \177WSOCK32_NULL_THUNK_DATA 004eddd4     wsock32:WSOCK32.dll
 0005:00000e10       __imp__CoUninitialize@0    004ede10     ole32:ole32.dll
 0005:00000e14       __imp__CoInitialize@4      004ede14     ole32:ole32.dll
 0005:00000e18       \177ole32_NULL_THUNK_DATA  004ede18     ole32:ole32.dll

 entry point at        0002:0000164e

